[2025-12-16 20:53:52] GPW not found for Ez=0.000: ../gpw/ab_gate_plane_A0.000.gpw — skipping K-zoom compute
[2025-12-16 20:53:52] GPW not found for Ez=0.001: ../gpw/ab_gate_plane_A0.001.gpw — skipping K-zoom compute
[2025-12-16 20:53:52] GPW not found for Ez=0.002: ../gpw/ab_gate_plane_A0.002.gpw — skipping K-zoom compute
[2025-12-16 20:53:52] GPW not found for Ez=0.003: ../gpw/ab_gate_plane_A0.003.gpw — skipping K-zoom compute
[2025-12-16 20:53:52] GPW not found for Ez=0.004: ../gpw/ab_gate_plane_A0.004.gpw — skipping K-zoom compute
[2025-12-16 20:53:52] GPW not found for Ez=0.005: ../gpw/ab_gate_plane_A0.005.gpw — skipping K-zoom compute
[2025-12-16 20:53:52] GPW not found for Ez=0.006: ../gpw/ab_gate_plane_A0.006.gpw — skipping K-zoom compute
[2025-12-16 20:53:52] GPW not found for Ez=0.007: ../gpw/ab_gate_plane_A0.007.gpw — skipping K-zoom compute
[2025-12-16 20:53:52] GPW not found for Ez=0.008: ../gpw/ab_gate_plane_A0.008.gpw — skipping K-zoom compute
[2025-12-16 20:53:52] GPW not found for Ez=0.009: ../gpw/ab_gate_plane_A0.009.gpw — skipping K-zoom compute
[2025-12-16 20:53:52] GPW not found for Ez=0.010: ../gpw/ab_gate_plane_A0.010.gpw — skipping K-zoom compute
[2025-12-16 20:53:52] GPW not found for Ez=0.011: ../gpw/ab_gate_plane_A0.011.gpw — skipping K-zoom compute
[2025-12-16 20:53:52] GPW not found for Ez=0.012: ../gpw/ab_gate_plane_A0.012.gpw — skipping K-zoom compute
[2025-12-16 20:53:52] GPW not found for Ez=0.013: ../gpw/ab_gate_plane_A0.013.gpw — skipping K-zoom compute
[2025-12-16 20:53:52] GPW not found for Ez=0.014: ../gpw/ab_gate_plane_A0.014.gpw — skipping K-zoom compute
[2025-12-16 20:53:52] GPW not found for Ez=0.015: ../gpw/ab_gate_plane_A0.015.gpw — skipping K-zoom compute
[2025-12-16 20:53:52] GPW not found for Ez=0.016: ../gpw/ab_gate_plane_A0.016.gpw — skipping K-zoom compute
[2025-12-16 20:53:52] GPW not found for Ez=0.017: ../gpw/ab_gate_plane_A0.017.gpw — skipping K-zoom compute
[2025-12-16 20:53:52] GPW not found for Ez=0.018: ../gpw/ab_gate_plane_A0.018.gpw — skipping K-zoom compute
[2025-12-16 20:53:52] GPW not found for Ez=0.019: ../gpw/ab_gate_plane_A0.019.gpw — skipping K-zoom compute
[2025-12-16 20:53:52] GPW not found for Ez=0.020: ../gpw/ab_gate_plane_A0.020.gpw — skipping K-zoom compute
[2025-12-16 20:53:56] Ez=0.001 -> gap=0.184708 eV
[2025-12-16 20:53:56] Ez=0.002 -> gap=0.237724 eV
[2025-12-16 20:53:56] Ez=0.003 -> gap=0.252786 eV
[2025-12-16 20:53:56] Ez=0.004 -> gap=0.260688 eV
[2025-12-16 20:53:56] Ez=0.005 -> gap=0.270313 eV
[2025-12-16 20:53:56] Ez=0.006 -> gap=0.267169 eV
[2025-12-16 20:53:56] Ez=0.007 -> gap=0.271324 eV
[2025-12-16 20:53:56] Ez=0.008 -> gap=0.270548 eV
[2025-12-16 20:53:56] Ez=0.009 -> gap=0.268510 eV
[2025-12-16 20:53:56] Ez=0.010 -> gap=0.275487 eV
[2025-12-16 20:53:56] Ez=0.011 -> gap=0.266341 eV
[2025-12-16 20:53:56] Ez=0.012 -> gap=0.269919 eV
[2025-12-16 20:53:56] Ez=0.013 -> gap=0.265099 eV
[2025-12-16 20:53:56] Ez=0.014 -> gap=0.261755 eV
[2025-12-16 20:53:56] Ez=0.015 -> gap=0.268313 eV
[2025-12-16 20:53:56] Ez=0.016 -> gap=0.256555 eV
[2025-12-16 20:53:56] Ez=0.017 -> gap=0.256203 eV
[2025-12-16 20:53:56] Ez=0.018 -> gap=0.262559 eV
[2025-12-16 20:53:56] Ez=0.019 -> gap=0.251240 eV
[2025-12-16 20:53:56] Ez=0.020 -> gap=0.246997 eV
[2025-12-16 20:53:56] Saved band gaps to ../gpw/bandgaps_KZOOM.csv
[2025-12-16 20:54:17] Saved GIF to ../gpw/bands_KZOOM_vs_field.gif
[2025-12-16 20:56:27] Ez=0.001 -> gap=0.184708 eV
[2025-12-16 20:56:27] Ez=0.002 -> gap=0.237724 eV
[2025-12-16 20:56:27] Ez=0.003 -> gap=0.252786 eV
[2025-12-16 20:56:27] Ez=0.004 -> gap=0.260688 eV
[2025-12-16 20:56:27] Ez=0.005 -> gap=0.270313 eV
[2025-12-16 20:56:27] Ez=0.006 -> gap=0.267169 eV
[2025-12-16 20:56:27] Ez=0.007 -> gap=0.271324 eV
[2025-12-16 20:56:27] Ez=0.008 -> gap=0.270548 eV
[2025-12-16 20:56:27] Ez=0.009 -> gap=0.268510 eV
[2025-12-16 20:56:27] Ez=0.010 -> gap=0.275487 eV
[2025-12-16 20:56:27] Ez=0.011 -> gap=0.266341 eV
[2025-12-16 20:56:27] Ez=0.012 -> gap=0.269919 eV
[2025-12-16 20:56:27] Ez=0.013 -> gap=0.265099 eV
[2025-12-16 20:56:27] Ez=0.014 -> gap=0.261755 eV
[2025-12-16 20:56:27] Ez=0.015 -> gap=0.268313 eV
[2025-12-16 20:56:27] Ez=0.016 -> gap=0.256555 eV
[2025-12-16 20:56:27] Ez=0.017 -> gap=0.256203 eV
[2025-12-16 20:56:28] Ez=0.018 -> gap=0.262559 eV
[2025-12-16 20:56:28] Ez=0.019 -> gap=0.251240 eV
[2025-12-16 20:56:28] Ez=0.020 -> gap=0.246997 eV
[2025-12-16 20:56:28] Saved band gaps to ../gpw/bandgaps_KZOOM.csv
[2025-12-16 20:56:35] GPW not found for Ez=0.000: ../gpw/ab_gate_plane_A0.000.gpw — skipping K-zoom compute
[2025-12-16 20:56:35] GPW not found for Ez=0.001: ../gpw/ab_gate_plane_A0.001.gpw — skipping K-zoom compute
[2025-12-16 20:56:35] GPW not found for Ez=0.002: ../gpw/ab_gate_plane_A0.002.gpw — skipping K-zoom compute
[2025-12-16 20:56:35] GPW not found for Ez=0.003: ../gpw/ab_gate_plane_A0.003.gpw — skipping K-zoom compute
[2025-12-16 20:56:35] GPW not found for Ez=0.004: ../gpw/ab_gate_plane_A0.004.gpw — skipping K-zoom compute
[2025-12-16 20:56:35] GPW not found for Ez=0.005: ../gpw/ab_gate_plane_A0.005.gpw — skipping K-zoom compute
[2025-12-16 20:56:35] GPW not found for Ez=0.006: ../gpw/ab_gate_plane_A0.006.gpw — skipping K-zoom compute
[2025-12-16 20:56:35] GPW not found for Ez=0.007: ../gpw/ab_gate_plane_A0.007.gpw — skipping K-zoom compute
[2025-12-16 20:56:35] GPW not found for Ez=0.008: ../gpw/ab_gate_plane_A0.008.gpw — skipping K-zoom compute
[2025-12-16 20:56:35] GPW not found for Ez=0.009: ../gpw/ab_gate_plane_A0.009.gpw — skipping K-zoom compute
[2025-12-16 20:56:35] GPW not found for Ez=0.010: ../gpw/ab_gate_plane_A0.010.gpw — skipping K-zoom compute
[2025-12-16 20:56:35] GPW not found for Ez=0.011: ../gpw/ab_gate_plane_A0.011.gpw — skipping K-zoom compute
[2025-12-16 20:56:35] GPW not found for Ez=0.012: ../gpw/ab_gate_plane_A0.012.gpw — skipping K-zoom compute
[2025-12-16 20:56:35] GPW not found for Ez=0.013: ../gpw/ab_gate_plane_A0.013.gpw — skipping K-zoom compute
[2025-12-16 20:56:35] GPW not found for Ez=0.014: ../gpw/ab_gate_plane_A0.014.gpw — skipping K-zoom compute
[2025-12-16 20:56:35] GPW not found for Ez=0.015: ../gpw/ab_gate_plane_A0.015.gpw — skipping K-zoom compute
[2025-12-16 20:56:35] GPW not found for Ez=0.016: ../gpw/ab_gate_plane_A0.016.gpw — skipping K-zoom compute
[2025-12-16 20:56:35] GPW not found for Ez=0.017: ../gpw/ab_gate_plane_A0.017.gpw — skipping K-zoom compute
[2025-12-16 20:56:35] GPW not found for Ez=0.018: ../gpw/ab_gate_plane_A0.018.gpw — skipping K-zoom compute
[2025-12-16 20:56:35] GPW not found for Ez=0.019: ../gpw/ab_gate_plane_A0.019.gpw — skipping K-zoom compute
[2025-12-16 20:56:35] GPW not found for Ez=0.020: ../gpw/ab_gate_plane_A0.020.gpw — skipping K-zoom compute
[2025-12-16 20:58:14] GPW not found for Ez=0.000: ../gpw/ab_gate_plane_A0.000.gpw — skipping K-zoom compute
[2025-12-16 20:58:14] GPW not found for Ez=0.001: ../gpw/ab_gate_plane_A0.001.gpw — skipping K-zoom compute
[2025-12-16 20:58:14] GPW not found for Ez=0.002: ../gpw/ab_gate_plane_A0.002.gpw — skipping K-zoom compute
[2025-12-16 20:58:14] GPW not found for Ez=0.003: ../gpw/ab_gate_plane_A0.003.gpw — skipping K-zoom compute
[2025-12-16 20:58:14] GPW not found for Ez=0.004: ../gpw/ab_gate_plane_A0.004.gpw — skipping K-zoom compute
[2025-12-16 20:58:14] GPW not found for Ez=0.005: ../gpw/ab_gate_plane_A0.005.gpw — skipping K-zoom compute
[2025-12-16 20:58:14] GPW not found for Ez=0.006: ../gpw/ab_gate_plane_A0.006.gpw — skipping K-zoom compute
[2025-12-16 20:58:14] GPW not found for Ez=0.007: ../gpw/ab_gate_plane_A0.007.gpw — skipping K-zoom compute
[2025-12-16 20:58:14] GPW not found for Ez=0.008: ../gpw/ab_gate_plane_A0.008.gpw — skipping K-zoom compute
[2025-12-16 20:58:14] GPW not found for Ez=0.009: ../gpw/ab_gate_plane_A0.009.gpw — skipping K-zoom compute
[2025-12-16 20:58:14] GPW not found for Ez=0.010: ../gpw/ab_gate_plane_A0.010.gpw — skipping K-zoom compute
[2025-12-16 20:58:14] GPW not found for Ez=0.011: ../gpw/ab_gate_plane_A0.011.gpw — skipping K-zoom compute
[2025-12-16 20:58:14] GPW not found for Ez=0.012: ../gpw/ab_gate_plane_A0.012.gpw — skipping K-zoom compute
[2025-12-16 20:58:14] GPW not found for Ez=0.013: ../gpw/ab_gate_plane_A0.013.gpw — skipping K-zoom compute
[2025-12-16 20:58:14] GPW not found for Ez=0.014: ../gpw/ab_gate_plane_A0.014.gpw — skipping K-zoom compute
[2025-12-16 20:58:14] GPW not found for Ez=0.015: ../gpw/ab_gate_plane_A0.015.gpw — skipping K-zoom compute
[2025-12-16 20:58:14] GPW not found for Ez=0.016: ../gpw/ab_gate_plane_A0.016.gpw — skipping K-zoom compute
[2025-12-16 20:58:14] GPW not found for Ez=0.017: ../gpw/ab_gate_plane_A0.017.gpw — skipping K-zoom compute
[2025-12-16 20:58:14] GPW not found for Ez=0.018: ../gpw/ab_gate_plane_A0.018.gpw — skipping K-zoom compute
[2025-12-16 20:58:14] GPW not found for Ez=0.019: ../gpw/ab_gate_plane_A0.019.gpw — skipping K-zoom compute
[2025-12-16 20:58:14] GPW not found for Ez=0.020: ../gpw/ab_gate_plane_A0.020.gpw — skipping K-zoom compute
[2025-12-16 20:58:18] Ez=0.001 -> gap=0.184708 eV
[2025-12-16 20:58:18] Ez=0.002 -> gap=0.237724 eV
[2025-12-16 20:58:18] Ez=0.003 -> gap=0.252786 eV
[2025-12-16 20:58:18] Ez=0.004 -> gap=0.260688 eV
[2025-12-16 20:58:18] Ez=0.005 -> gap=0.270313 eV
[2025-12-16 20:58:18] Ez=0.006 -> gap=0.267169 eV
[2025-12-16 20:58:18] Ez=0.007 -> gap=0.271324 eV
[2025-12-16 20:58:18] Ez=0.008 -> gap=0.270548 eV
[2025-12-16 20:58:18] Ez=0.009 -> gap=0.268510 eV
[2025-12-16 20:58:18] Ez=0.010 -> gap=0.275487 eV
[2025-12-16 20:58:18] Ez=0.011 -> gap=0.266341 eV
[2025-12-16 20:58:18] Ez=0.012 -> gap=0.269919 eV
[2025-12-16 20:58:18] Ez=0.013 -> gap=0.265099 eV
[2025-12-16 20:58:18] Ez=0.014 -> gap=0.261755 eV
[2025-12-16 20:58:18] Ez=0.015 -> gap=0.268313 eV
[2025-12-16 20:58:18] Ez=0.016 -> gap=0.256555 eV
[2025-12-16 20:58:18] Ez=0.017 -> gap=0.256203 eV
[2025-12-16 20:58:19] Ez=0.018 -> gap=0.262559 eV
[2025-12-16 20:58:19] Ez=0.019 -> gap=0.251240 eV
[2025-12-16 20:58:19] Ez=0.020 -> gap=0.246997 eV
[2025-12-16 20:58:19] Saved band gaps to ../gpw/bandgaps_KZOOM.csv
[2025-12-16 20:59:10] Ez=0.001 -> gap=0.184708 eV
[2025-12-16 20:59:10] Ez=0.002 -> gap=0.237724 eV
[2025-12-16 20:59:10] Ez=0.003 -> gap=0.252786 eV
[2025-12-16 20:59:10] Ez=0.004 -> gap=0.260688 eV
[2025-12-16 20:59:10] Ez=0.005 -> gap=0.270313 eV
[2025-12-16 20:59:10] Ez=0.006 -> gap=0.267169 eV
[2025-12-16 20:59:10] Ez=0.007 -> gap=0.271324 eV
[2025-12-16 20:59:10] Ez=0.008 -> gap=0.270548 eV
[2025-12-16 20:59:10] Ez=0.009 -> gap=0.268510 eV
[2025-12-16 20:59:10] Ez=0.010 -> gap=0.275487 eV
[2025-12-16 20:59:10] Ez=0.011 -> gap=0.266341 eV
[2025-12-16 20:59:10] Ez=0.012 -> gap=0.269919 eV
[2025-12-16 20:59:10] Ez=0.013 -> gap=0.265099 eV
[2025-12-16 20:59:10] Ez=0.014 -> gap=0.261755 eV
[2025-12-16 20:59:10] Ez=0.015 -> gap=0.268313 eV
[2025-12-16 20:59:10] Ez=0.016 -> gap=0.256555 eV
[2025-12-16 20:59:10] Ez=0.017 -> gap=0.256203 eV
[2025-12-16 20:59:10] Ez=0.018 -> gap=0.262559 eV
[2025-12-16 20:59:10] Ez=0.019 -> gap=0.251240 eV
[2025-12-16 20:59:10] Ez=0.020 -> gap=0.246997 eV
[2025-12-16 20:59:10] Saved band gaps to ../gpw/bandgaps_KZOOM.csv
[2025-12-16 21:02:19] Skipping Ez=0.000 eV/Å (already in results)
[2025-12-16 21:02:19] Running Ez=0.001 eV/Å
[2025-12-16 21:02:23] GPW not found for Ez=0.000: ../gpw/ab_gate_plane_A0.000.gpw — skipping K-zoom compute
[2025-12-16 21:02:23] GPW not found for Ez=0.002: ../gpw/ab_gate_plane_A0.002.gpw — skipping K-zoom compute
[2025-12-16 21:02:23] GPW not found for Ez=0.003: ../gpw/ab_gate_plane_A0.003.gpw — skipping K-zoom compute
[2025-12-16 21:02:23] GPW not found for Ez=0.005: ../gpw/ab_gate_plane_A0.005.gpw — skipping K-zoom compute
[2025-12-16 21:02:23] GPW not found for Ez=0.007: ../gpw/ab_gate_plane_A0.007.gpw — skipping K-zoom compute
[2025-12-16 21:02:23] GPW not found for Ez=0.010: ../gpw/ab_gate_plane_A0.010.gpw — skipping K-zoom compute
[2025-12-16 21:02:23] GPW not found for Ez=0.013: ../gpw/ab_gate_plane_A0.013.gpw — skipping K-zoom compute
[2025-12-16 21:02:23] GPW not found for Ez=0.015: ../gpw/ab_gate_plane_A0.015.gpw — skipping K-zoom compute
[2025-12-16 21:02:23] GPW not found for Ez=0.020: ../gpw/ab_gate_plane_A0.020.gpw — skipping K-zoom compute
[2025-12-16 21:02:23] GPW not found for Ez=0.050: ../gpw/ab_gate_plane_A0.050.gpw — skipping K-zoom compute
[2025-12-16 21:02:23] GPW not found for Ez=0.000: ../gpw/ab_gate_plane_A0.000.gpw — skipping K-zoom compute
[2025-12-16 21:02:23] GPW not found for Ez=0.000: ../gpw/ab_gate_plane_A0.000.gpw — skipping K-zoom compute
[2025-12-16 21:02:23] GPW not found for Ez=0.001: ../gpw/ab_gate_plane_A0.001.gpw — skipping K-zoom compute
[2025-12-16 21:02:23] GPW not found for Ez=0.001: ../gpw/ab_gate_plane_A0.001.gpw — skipping K-zoom compute
[2025-12-16 21:02:23] GPW not found for Ez=0.001: ../gpw/ab_gate_plane_A0.001.gpw — skipping K-zoom compute
[2025-12-16 21:02:23] GPW not found for Ez=0.001: ../gpw/ab_gate_plane_A0.001.gpw — skipping K-zoom compute
[2025-12-16 21:02:23] GPW not found for Ez=0.001: ../gpw/ab_gate_plane_A0.001.gpw — skipping K-zoom compute
[2025-12-16 21:02:23] GPW not found for Ez=0.002: ../gpw/ab_gate_plane_A0.002.gpw — skipping K-zoom compute
[2025-12-16 21:02:23] GPW not found for Ez=0.002: ../gpw/ab_gate_plane_A0.002.gpw — skipping K-zoom compute
[2025-12-16 21:02:23] GPW not found for Ez=0.002: ../gpw/ab_gate_plane_A0.002.gpw — skipping K-zoom compute
[2025-12-16 21:02:23] GPW not found for Ez=0.002: ../gpw/ab_gate_plane_A0.002.gpw — skipping K-zoom compute
[2025-12-16 21:02:23] GPW not found for Ez=0.002: ../gpw/ab_gate_plane_A0.002.gpw — skipping K-zoom compute
[2025-12-16 21:02:23] GPW not found for Ez=0.003: ../gpw/ab_gate_plane_A0.003.gpw — skipping K-zoom compute
[2025-12-16 21:02:23] GPW not found for Ez=0.003: ../gpw/ab_gate_plane_A0.003.gpw — skipping K-zoom compute
[2025-12-16 21:02:23] GPW not found for Ez=0.003: ../gpw/ab_gate_plane_A0.003.gpw — skipping K-zoom compute
[2025-12-16 21:02:23] GPW not found for Ez=0.003: ../gpw/ab_gate_plane_A0.003.gpw — skipping K-zoom compute
[2025-12-16 21:02:23] GPW not found for Ez=0.003: ../gpw/ab_gate_plane_A0.003.gpw — skipping K-zoom compute
[2025-12-16 21:02:23] GPW not found for Ez=0.004: ../gpw/ab_gate_plane_A0.004.gpw — skipping K-zoom compute
[2025-12-16 21:02:23] GPW not found for Ez=0.004: ../gpw/ab_gate_plane_A0.004.gpw — skipping K-zoom compute
[2025-12-16 21:02:23] GPW not found for Ez=0.004: ../gpw/ab_gate_plane_A0.004.gpw — skipping K-zoom compute
[2025-12-16 21:02:23] GPW not found for Ez=0.004: ../gpw/ab_gate_plane_A0.004.gpw — skipping K-zoom compute
[2025-12-16 21:02:23] GPW not found for Ez=0.004: ../gpw/ab_gate_plane_A0.004.gpw — skipping K-zoom compute
[2025-12-16 21:02:23] GPW not found for Ez=0.005: ../gpw/ab_gate_plane_A0.005.gpw — skipping K-zoom compute
[2025-12-16 21:02:23] GPW not found for Ez=0.005: ../gpw/ab_gate_plane_A0.005.gpw — skipping K-zoom compute
[2025-12-16 21:02:23] GPW not found for Ez=0.005: ../gpw/ab_gate_plane_A0.005.gpw — skipping K-zoom compute
[2025-12-16 21:02:23] GPW not found for Ez=0.005: ../gpw/ab_gate_plane_A0.005.gpw — skipping K-zoom compute
[2025-12-16 21:02:23] GPW not found for Ez=0.005: ../gpw/ab_gate_plane_A0.005.gpw — skipping K-zoom compute
[2025-12-16 21:02:23] GPW not found for Ez=0.006: ../gpw/ab_gate_plane_A0.006.gpw — skipping K-zoom compute
[2025-12-16 21:02:23] GPW not found for Ez=0.006: ../gpw/ab_gate_plane_A0.006.gpw — skipping K-zoom compute
[2025-12-16 21:02:23] GPW not found for Ez=0.006: ../gpw/ab_gate_plane_A0.006.gpw — skipping K-zoom compute
[2025-12-16 21:02:23] GPW not found for Ez=0.006: ../gpw/ab_gate_plane_A0.006.gpw — skipping K-zoom compute
[2025-12-16 21:02:23] GPW not found for Ez=0.006: ../gpw/ab_gate_plane_A0.006.gpw — skipping K-zoom compute
[2025-12-16 21:02:23] GPW not found for Ez=0.007: ../gpw/ab_gate_plane_A0.007.gpw — skipping K-zoom compute
[2025-12-16 21:02:23] GPW not found for Ez=0.007: ../gpw/ab_gate_plane_A0.007.gpw — skipping K-zoom compute
[2025-12-16 21:02:23] GPW not found for Ez=0.007: ../gpw/ab_gate_plane_A0.007.gpw — skipping K-zoom compute
[2025-12-16 21:02:23] GPW not found for Ez=0.007: ../gpw/ab_gate_plane_A0.007.gpw — skipping K-zoom compute
[2025-12-16 21:02:23] GPW not found for Ez=0.007: ../gpw/ab_gate_plane_A0.007.gpw — skipping K-zoom compute
[2025-12-16 21:02:23] GPW not found for Ez=0.008: ../gpw/ab_gate_plane_A0.008.gpw — skipping K-zoom compute
[2025-12-16 21:02:23] GPW not found for Ez=0.008: ../gpw/ab_gate_plane_A0.008.gpw — skipping K-zoom compute
[2025-12-16 21:02:23] GPW not found for Ez=0.008: ../gpw/ab_gate_plane_A0.008.gpw — skipping K-zoom compute
[2025-12-16 21:02:23] GPW not found for Ez=0.008: ../gpw/ab_gate_plane_A0.008.gpw — skipping K-zoom compute
[2025-12-16 21:02:23] GPW not found for Ez=0.008: ../gpw/ab_gate_plane_A0.008.gpw — skipping K-zoom compute
[2025-12-16 21:02:23] GPW not found for Ez=0.009: ../gpw/ab_gate_plane_A0.009.gpw — skipping K-zoom compute
[2025-12-16 21:02:23] GPW not found for Ez=0.009: ../gpw/ab_gate_plane_A0.009.gpw — skipping K-zoom compute
[2025-12-16 21:02:23] GPW not found for Ez=0.009: ../gpw/ab_gate_plane_A0.009.gpw — skipping K-zoom compute
[2025-12-16 21:02:23] GPW not found for Ez=0.009: ../gpw/ab_gate_plane_A0.009.gpw — skipping K-zoom compute
[2025-12-16 21:02:23] GPW not found for Ez=0.009: ../gpw/ab_gate_plane_A0.009.gpw — skipping K-zoom compute
[2025-12-16 21:02:23] GPW not found for Ez=0.010: ../gpw/ab_gate_plane_A0.010.gpw — skipping K-zoom compute
[2025-12-16 21:02:23] GPW not found for Ez=0.010: ../gpw/ab_gate_plane_A0.010.gpw — skipping K-zoom compute
[2025-12-16 21:02:23] GPW not found for Ez=0.010: ../gpw/ab_gate_plane_A0.010.gpw — skipping K-zoom compute
[2025-12-16 21:02:23] GPW not found for Ez=0.010: ../gpw/ab_gate_plane_A0.010.gpw — skipping K-zoom compute
[2025-12-16 21:02:23] GPW not found for Ez=0.011: ../gpw/ab_gate_plane_A0.011.gpw — skipping K-zoom compute
[2025-12-16 21:02:23] GPW not found for Ez=0.011: ../gpw/ab_gate_plane_A0.011.gpw — skipping K-zoom compute
[2025-12-16 21:02:23] GPW not found for Ez=0.011: ../gpw/ab_gate_plane_A0.011.gpw — skipping K-zoom compute
[2025-12-16 21:02:23] GPW not found for Ez=0.011: ../gpw/ab_gate_plane_A0.011.gpw — skipping K-zoom compute
[2025-12-16 21:02:23] GPW not found for Ez=0.011: ../gpw/ab_gate_plane_A0.011.gpw — skipping K-zoom compute
[2025-12-16 21:02:23] GPW not found for Ez=0.011: ../gpw/ab_gate_plane_A0.011.gpw — skipping K-zoom compute
[2025-12-16 21:02:23] GPW not found for Ez=0.012: ../gpw/ab_gate_plane_A0.012.gpw — skipping K-zoom compute
[2025-12-16 21:02:23] GPW not found for Ez=0.013: ../gpw/ab_gate_plane_A0.013.gpw — skipping K-zoom compute
[2025-12-16 21:02:23] GPW not found for Ez=0.014: ../gpw/ab_gate_plane_A0.014.gpw — skipping K-zoom compute
[2025-12-16 21:02:23] GPW not found for Ez=0.016: ../gpw/ab_gate_plane_A0.016.gpw — skipping K-zoom compute
[2025-12-16 21:02:23] GPW not found for Ez=0.017: ../gpw/ab_gate_plane_A0.017.gpw — skipping K-zoom compute
[2025-12-16 21:02:23] GPW not found for Ez=0.018: ../gpw/ab_gate_plane_A0.018.gpw — skipping K-zoom compute
[2025-12-16 21:02:23] GPW not found for Ez=0.019: ../gpw/ab_gate_plane_A0.019.gpw — skipping K-zoom compute
[2025-12-16 21:02:31] Ez=0.000 -> gap=0.143878 eV
[2025-12-16 21:02:31] Ez=0.000 -> gap=0.143878 eV
[2025-12-16 21:02:31] Ez=0.001 -> gap=0.184708 eV
[2025-12-16 21:02:31] Ez=0.001 -> gap=0.184708 eV
[2025-12-16 21:02:31] Ez=0.001 -> gap=0.184708 eV
[2025-12-16 21:02:31] Ez=0.001 -> gap=0.184708 eV
[2025-12-16 21:02:31] Ez=0.001 -> gap=0.184708 eV
[2025-12-16 21:02:31] Ez=0.002 -> gap=0.237724 eV
[2025-12-16 21:02:31] Ez=0.002 -> gap=0.237724 eV
[2025-12-16 21:02:31] Ez=0.002 -> gap=0.237724 eV
[2025-12-16 21:02:31] Ez=0.002 -> gap=0.237724 eV
[2025-12-16 21:02:31] Ez=0.002 -> gap=0.237724 eV
[2025-12-16 21:02:31] Ez=0.002 -> gap=0.237724 eV
[2025-12-16 21:02:31] Ez=0.003 -> gap=0.252786 eV
[2025-12-16 21:02:31] Ez=0.003 -> gap=0.252786 eV
[2025-12-16 21:02:31] Ez=0.003 -> gap=0.252786 eV
[2025-12-16 21:02:31] Ez=0.003 -> gap=0.252786 eV
[2025-12-16 21:02:31] Ez=0.003 -> gap=0.252786 eV
[2025-12-16 21:02:31] Ez=0.003 -> gap=0.252786 eV
[2025-12-16 21:02:31] Ez=0.004 -> gap=0.260688 eV
[2025-12-16 21:02:31] Ez=0.004 -> gap=0.260688 eV
[2025-12-16 21:02:31] Ez=0.004 -> gap=0.260688 eV
[2025-12-16 21:02:31] Ez=0.004 -> gap=0.260688 eV
[2025-12-16 21:02:31] Ez=0.004 -> gap=0.260688 eV
[2025-12-16 21:02:31] Ez=0.005 -> gap=0.270313 eV
[2025-12-16 21:02:31] Ez=0.005 -> gap=0.270313 eV
[2025-12-16 21:02:31] Ez=0.005 -> gap=0.270313 eV
[2025-12-16 21:02:31] Ez=0.005 -> gap=0.270313 eV
[2025-12-16 21:02:31] Ez=0.005 -> gap=0.270313 eV
[2025-12-16 21:02:31] Ez=0.005 -> gap=0.270313 eV
[2025-12-16 21:02:31] Ez=0.006 -> gap=0.267169 eV
[2025-12-16 21:02:31] Ez=0.006 -> gap=0.267169 eV
[2025-12-16 21:02:31] Ez=0.006 -> gap=0.267169 eV
[2025-12-16 21:02:31] Ez=0.006 -> gap=0.267169 eV
[2025-12-16 21:02:31] Ez=0.006 -> gap=0.267169 eV
[2025-12-16 21:02:31] Ez=0.007 -> gap=0.271324 eV
[2025-12-16 21:02:31] Ez=0.007 -> gap=0.271324 eV
[2025-12-16 21:02:31] Ez=0.007 -> gap=0.271324 eV
[2025-12-16 21:02:31] Ez=0.007 -> gap=0.271324 eV
[2025-12-16 21:02:31] Ez=0.007 -> gap=0.271324 eV
[2025-12-16 21:02:31] Ez=0.007 -> gap=0.271324 eV
[2025-12-16 21:02:31] Ez=0.008 -> gap=0.270548 eV
[2025-12-16 21:02:31] Ez=0.008 -> gap=0.270548 eV
[2025-12-16 21:02:31] Ez=0.008 -> gap=0.270548 eV
[2025-12-16 21:02:31] Ez=0.008 -> gap=0.270548 eV
[2025-12-16 21:02:31] Ez=0.008 -> gap=0.270548 eV
[2025-12-16 21:02:31] Ez=0.009 -> gap=0.268510 eV
[2025-12-16 21:02:31] Ez=0.009 -> gap=0.268510 eV
[2025-12-16 21:02:31] Ez=0.009 -> gap=0.268510 eV
[2025-12-16 21:02:31] Ez=0.009 -> gap=0.268510 eV
[2025-12-16 21:02:31] Ez=0.009 -> gap=0.268510 eV
[2025-12-16 21:02:31] Ez=0.010 -> gap=0.275487 eV
[2025-12-16 21:02:31] Ez=0.010 -> gap=0.275487 eV
[2025-12-16 21:02:31] Ez=0.010 -> gap=0.275487 eV
[2025-12-16 21:02:31] Ez=0.010 -> gap=0.275487 eV
[2025-12-16 21:02:31] Ez=0.010 -> gap=0.275487 eV
[2025-12-16 21:02:31] Ez=0.011 -> gap=0.266341 eV
[2025-12-16 21:02:31] Ez=0.011 -> gap=0.266341 eV
[2025-12-16 21:02:31] Ez=0.011 -> gap=0.266341 eV
[2025-12-16 21:02:31] Ez=0.011 -> gap=0.266341 eV
[2025-12-16 21:02:31] Ez=0.011 -> gap=0.266341 eV
[2025-12-16 21:02:31] Ez=0.011 -> gap=0.266341 eV
[2025-12-16 21:02:31] Ez=0.012 -> gap=0.269919 eV
[2025-12-16 21:02:31] Ez=0.013 -> gap=0.265099 eV
[2025-12-16 21:02:31] Ez=0.013 -> gap=0.265099 eV
[2025-12-16 21:02:31] Ez=0.014 -> gap=0.261755 eV
[2025-12-16 21:02:31] Ez=0.015 -> gap=0.268313 eV
[2025-12-16 21:02:31] Ez=0.016 -> gap=0.256555 eV
[2025-12-16 21:02:31] Ez=0.017 -> gap=0.256203 eV
[2025-12-16 21:02:31] Ez=0.018 -> gap=0.262559 eV
[2025-12-16 21:02:31] Ez=0.019 -> gap=0.251240 eV
[2025-12-16 21:02:31] Ez=0.020 -> gap=0.246997 eV
[2025-12-16 21:02:31] Ez=0.050 -> gap=1.462544 eV
[2025-12-16 21:02:31] Saved band gaps to ../gpw/bandgaps_KZOOM.csv
[2025-12-16 21:04:44] Skipping Ez=0.000 eV/Å (already in results)
[2025-12-16 21:04:44] Running Ez=0.001 eV/Å
[2025-12-16 21:05:11] Skipping Ez=0.000 eV/Å (already in results)
[2025-12-16 21:05:11] Running Ez=0.001 eV/Å
[2025-12-16 21:06:16] Skipping Ez=0.000 eV/Å (already in results)
[2025-12-16 21:06:16] Running Ez=0.001 eV/Å
[2025-12-16 21:09:52] Skipping Ez=0.000 eV/Å (already in results)
[2025-12-16 21:09:52] Skipping Ez=0.001 eV/Å (already in results)
[2025-12-16 21:09:52] Skipping Ez=0.002 eV/Å (already in results)
[2025-12-16 21:09:52] Skipping Ez=0.003 eV/Å (already in results)
[2025-12-16 21:09:52] Skipping Ez=0.004 eV/Å (already in results)
[2025-12-16 21:09:52] Skipping Ez=0.005 eV/Å (already in results)
[2025-12-16 21:09:52] Skipping Ez=0.006 eV/Å (already in results)
[2025-12-16 21:09:52] Skipping Ez=0.007 eV/Å (already in results)
[2025-12-16 21:09:52] Skipping Ez=0.008 eV/Å (already in results)
[2025-12-16 21:09:52] Running Ez=0.009 eV/Å
[2025-12-16 21:12:19] Running Ez=0.000 eV/Å
[2025-12-16 21:12:42] Running Ez=0.000 eV/Å
[2025-12-16 21:13:08] Running Ez=0.000 eV/Å
[2025-12-16 21:13:33] Running Ez=0.000 eV/Å
[2025-12-16 21:13:49] Running Ez=0.000 eV/Å
[2025-12-16 21:15:12] Skipping Ez=0.000 eV/Å (already in results)
[2025-12-16 21:15:12] Skipping Ez=0.001 eV/Å (already in results)
[2025-12-16 21:15:12] Skipping Ez=0.002 eV/Å (already in results)
[2025-12-16 21:15:12] Skipping Ez=0.003 eV/Å (already in results)
[2025-12-16 21:15:12] Skipping Ez=0.004 eV/Å (already in results)
[2025-12-16 21:15:12] Skipping Ez=0.005 eV/Å (already in results)
[2025-12-16 21:15:12] Skipping Ez=0.006 eV/Å (already in results)
[2025-12-16 21:15:12] Skipping Ez=0.007 eV/Å (already in results)
[2025-12-16 21:15:12] Skipping Ez=0.008 eV/Å (already in results)
[2025-12-16 21:15:12] Running Ez=0.009 eV/Å
[2025-12-16 21:16:18] Skipping Ez=0.000 eV/Å (already in results)
[2025-12-16 21:16:18] Skipping Ez=0.001 eV/Å (already in results)
[2025-12-16 21:16:18] Skipping Ez=0.002 eV/Å (already in results)
[2025-12-16 21:16:18] Skipping Ez=0.003 eV/Å (already in results)
[2025-12-16 21:16:18] Skipping Ez=0.004 eV/Å (already in results)
[2025-12-16 21:16:18] Skipping Ez=0.005 eV/Å (already in results)
[2025-12-16 21:16:18] Skipping Ez=0.006 eV/Å (already in results)
[2025-12-16 21:16:18] Skipping Ez=0.007 eV/Å (already in results)
[2025-12-16 21:16:18] Skipping Ez=0.008 eV/Å (already in results)
[2025-12-16 21:16:18] Skipping Ez=0.009 eV/Å (already in results)
[2025-12-16 21:16:18] Skipping Ez=0.010 eV/Å (already in results)
[2025-12-16 21:16:18] Skipping Ez=0.011 eV/Å (already in results)
[2025-12-16 21:16:18] Skipping Ez=0.012 eV/Å (already in results)
[2025-12-16 21:16:18] Skipping Ez=0.013 eV/Å (already in results)
[2025-12-16 21:16:18] Skipping Ez=0.014 eV/Å (already in results)
[2025-12-16 21:16:18] Skipping Ez=0.015 eV/Å (already in results)
[2025-12-16 21:16:18] Skipping Ez=0.016 eV/Å (already in results)
[2025-12-16 21:16:18] Skipping Ez=0.017 eV/Å (already in results)
[2025-12-16 21:16:18] Skipping Ez=0.018 eV/Å (already in results)
[2025-12-16 21:16:18] Skipping Ez=0.019 eV/Å (already in results)
[2025-12-16 21:16:18] Skipping Ez=0.020 eV/Å (already in results)
[2025-12-16 21:16:42] Skipping Ez=0.000 eV/Å (already in results)
[2025-12-16 21:16:42] Skipping Ez=0.001 eV/Å (already in results)
[2025-12-16 21:16:42] Skipping Ez=0.002 eV/Å (already in results)
[2025-12-16 21:16:42] Skipping Ez=0.003 eV/Å (already in results)
[2025-12-16 21:16:42] Skipping Ez=0.004 eV/Å (already in results)
[2025-12-16 21:16:42] Skipping Ez=0.005 eV/Å (already in results)
[2025-12-16 21:16:42] Skipping Ez=0.006 eV/Å (already in results)
[2025-12-16 21:16:42] Skipping Ez=0.007 eV/Å (already in results)
[2025-12-16 21:16:42] Skipping Ez=0.008 eV/Å (already in results)
[2025-12-16 21:16:42] Skipping Ez=0.009 eV/Å (already in results)
[2025-12-16 21:16:42] Skipping Ez=0.010 eV/Å (already in results)
[2025-12-16 21:16:42] Skipping Ez=0.011 eV/Å (already in results)
[2025-12-16 21:16:42] Skipping Ez=0.012 eV/Å (already in results)
[2025-12-16 21:16:42] Skipping Ez=0.013 eV/Å (already in results)
[2025-12-16 21:16:42] Skipping Ez=0.014 eV/Å (already in results)
[2025-12-16 21:16:42] Skipping Ez=0.015 eV/Å (already in results)
[2025-12-16 21:16:42] Skipping Ez=0.016 eV/Å (already in results)
[2025-12-16 21:16:42] Skipping Ez=0.017 eV/Å (already in results)
[2025-12-16 21:16:42] Skipping Ez=0.018 eV/Å (already in results)
[2025-12-16 21:16:42] Skipping Ez=0.019 eV/Å (already in results)
[2025-12-16 21:16:42] Skipping Ez=0.020 eV/Å (already in results)
[2025-12-16 21:17:16] Running Ez=0.000 eV/Å
[2025-12-16 21:23:10] Saved Ez=0.000, gap=0.3295 eV to CSV and ../gpw/ab_gate_plane_A0.000.gpw
[2025-12-16 21:23:10] Running Ez=0.001 eV/Å
[2025-12-16 21:26:18] K-zoom NPZ already exists for Ez=0.000: ../gpw/ab_gate_plane_A0.000_bands_KZOOM.npz — skipping
[2025-12-16 21:26:54] Saved K-zoom bands for Ez=0.000 to ../gpw/ab_gate_plane_A0.000_bands_KZOOM.npz
[2025-12-16 21:28:39] Saved band gaps to ../gpw/bandgaps_KZOOM.csv
[2025-12-16 21:29:11] Saved band gaps to ../gpw/bandgaps_KZOOM.csv
[2025-12-16 21:29:35] Saved band gaps to ../gpw/bandgaps_KZOOM.csv
[2025-12-16 21:30:06] K-zoom NPZ already exists for Ez=0.000: ../gpw/ab_gate_plane_A0.000_bands_KZOOM.npz — skipping
[2025-12-16 21:30:20] Saved band gaps to ../gpw/bandgaps_KZOOM.csv
[2025-12-16 21:31:48] Skipping Ez=0.000 eV/Å (already in results)
[2025-12-16 21:31:48] Running Ez=0.001 eV/Å
[2025-12-16 21:32:38] K-zoom NPZ already exists for Ez=0.000: ../gpw/ab_gate_plane_A0.000_bands_KZOOM.npz — skipping
[2025-12-16 21:32:50] K-zoom NPZ already exists for Ez=0.000: ../gpw/ab_gate_plane_A0.000_bands_KZOOM.npz — skipping
[2025-12-16 21:32:59] Saved band gaps to ../gpw/bandgaps_KZOOM.csv
[2025-12-16 21:33:24] K-zoom NPZ already exists for Ez=0.000: ../gpw/ab_gate_plane_A0.000_bands_KZOOM.npz — skipping
[2025-12-16 21:33:27] Ez=0.000 -> gap=0.183004 eV
[2025-12-16 21:33:27] Saved band gaps to ../gpw/bandgaps_KZOOM.csv
[2025-12-16 21:33:43] Saved GIF to ../gpw/bands_KZOOM_vs_field.gif
[2025-12-16 21:34:07] Ez=0.000 -> gap=0.183004 eV
[2025-12-16 21:34:07] Saved band gaps to ../gpw/bandgaps_KZOOM.csv
[2025-12-16 21:35:38] Ez=0.000 -> gap=0.183004 eV
[2025-12-16 21:35:38] Saved band gaps to ../gpw/bandgaps_KZOOM.csv
[2025-12-16 21:36:44] Ez=0.000 -> gap=0.183004 eV
[2025-12-16 21:36:44] Saved band gaps to ../gpw/bandgaps_KZOOM.csv
[2025-12-16 21:41:34] Ez=0.000 -> gap=0.183004 eV
[2025-12-16 21:41:34] Saved band gaps to ../gpw/bandgaps_KZOOM.csv
[2025-12-16 21:41:43] Ez=0.000 -> gap=0.183004 eV
[2025-12-16 21:41:43] Saved band gaps to ../gpw/bandgaps_KZOOM.csv
[2025-12-16 21:41:50] Ez=0.000 -> gap=0.183004 eV
[2025-12-16 21:41:50] Saved band gaps to ../gpw/bandgaps_KZOOM.csv
[2025-12-16 21:42:48] Ez=0.000 -> gap=0.183004 eV
[2025-12-16 21:42:48] Saved band gaps to ../gpw/bandgaps_KZOOM.csv
[2025-12-16 21:43:45] Skipping Ez=0.000 eV/Å (already in results)
[2025-12-16 21:43:45] Running Ez=0.001 eV/Å
[2025-12-16 21:43:58] Skipping Ez=0.000 eV/Å (already in results)
[2025-12-16 21:43:58] Running Ez=0.001 eV/Å
[2025-12-16 21:46:15] K-zoom NPZ already exists for Ez=0.000: ../gpw/ab_gate_plane_A0.000_bands_KZOOM.npz — skipping
[2025-12-16 21:46:22] Ez=0.000 -> gap=0.183004 eV
[2025-12-16 21:46:22] Saved band gaps to ../gpw/bandgaps_KZOOM.csv
[2025-12-16 21:47:12] Ez=0.000 -> gap=0.183004 eV
[2025-12-16 21:47:12] Saved band gaps to ../gpw/bandgaps_KZOOM.csv
[2025-12-16 21:48:44] Ez=0.000 -> gap=0.183004 eV
[2025-12-16 21:48:44] Saved band gaps to ../gpw/bandgaps_KZOOM.csv
[2025-12-16 21:49:23] Ez=0.000 -> gap=0.000036 eV
[2025-12-16 21:49:23] Saved band gaps to ../gpw/bandgaps_KZOOM.csv
[2025-12-16 21:49:46] Skipping Ez=0.000 eV/Å (already in results)
[2025-12-16 21:49:46] Running Ez=0.001 eV/Å
[2025-12-16 21:57:00] Ez=0.000 -> gap=0.000036 eV
[2025-12-16 21:57:00] Saved band gaps to ../gpw/bandgaps_KZOOM.csv
[2025-12-16 21:57:10] Skipping Ez=0.000 eV/Å (already in results)
[2025-12-16 21:57:10] Running Ez=0.001 eV/Å
[2025-12-16 22:04:15] Saved Ez=0.001, gap=0.0000 eV to CSV and ../gpw/ab_gate_plane_A0.001.gpw
[2025-12-16 22:04:15] Running Ez=0.002 eV/Å
[2025-12-16 22:14:23] Saved Ez=0.002, gap=0.0000 eV to CSV and ../gpw/ab_gate_plane_A0.002.gpw
[2025-12-16 22:14:23] Running Ez=0.003 eV/Å
[2025-12-16 22:17:33] K-zoom NPZ already exists for Ez=0.000: ../gpw/ab_gate_plane_A0.000_bands_KZOOM.npz — skipping
[2025-12-16 22:17:33] K-zoom NPZ already exists for Ez=0.001: ../gpw/ab_gate_plane_A0.001_bands_KZOOM.npz — skipping
[2025-12-16 22:17:33] K-zoom NPZ already exists for Ez=0.002: ../gpw/ab_gate_plane_A0.002_bands_KZOOM.npz — skipping
[2025-12-16 22:17:48] K-zoom NPZ already exists for Ez=0.000: ../gpw/ab_gate_plane_A0.000_bands_KZOOM.npz — skipping
[2025-12-16 22:18:03] Saved K-zoom bands for Ez=0.001 to ../gpw/ab_gate_plane_A0.001_bands_KZOOM.npz
[2025-12-16 22:18:16] Saved K-zoom bands for Ez=0.002 to ../gpw/ab_gate_plane_A0.002_bands_KZOOM.npz
[2025-12-16 22:18:22] Ez=0.000 -> gap=0.000036 eV
[2025-12-16 22:18:22] Ez=0.001 -> gap=0.164676 eV
[2025-12-16 22:18:22] Ez=0.002 -> gap=0.214118 eV
[2025-12-16 22:18:22] Saved band gaps to ../gpw/bandgaps_KZOOM.csv
[2025-12-16 22:18:54] Ez=0.000 -> gap=0.000036 eV
[2025-12-16 22:18:54] Ez=0.001 -> gap=0.164676 eV
[2025-12-16 22:18:54] Ez=0.002 -> gap=0.214118 eV
[2025-12-16 22:18:54] Saved band gaps to ../gpw/bandgaps_KZOOM.csv
[2025-12-16 22:19:11] Skipping Ez=0.000 eV/Å (already in results)
[2025-12-16 22:19:11] Skipping Ez=0.001 eV/Å (already in results)
[2025-12-16 22:19:11] Skipping Ez=0.002 eV/Å (already in results)
[2025-12-16 22:19:11] Running Ez=0.003 eV/Å
[2025-12-16 22:27:05] Saved Ez=0.003, gap=0.0000 eV to CSV and ../gpw/ab_gate_plane_A0.003.gpw
[2025-12-16 22:27:05] Running Ez=0.004 eV/Å
[2025-12-16 22:35:44] Saved Ez=0.004, gap=0.0000 eV to CSV and ../gpw/ab_gate_plane_A0.004.gpw
[2025-12-16 22:35:44] Running Ez=0.005 eV/Å
[2025-12-16 22:40:53] K-zoom NPZ already exists for Ez=0.000: ../gpw/ab_gate_plane_A0.000_bands_KZOOM.npz — skipping
[2025-12-16 22:40:53] K-zoom NPZ already exists for Ez=0.001: ../gpw/ab_gate_plane_A0.001_bands_KZOOM.npz — skipping
[2025-12-16 22:40:53] K-zoom NPZ already exists for Ez=0.002: ../gpw/ab_gate_plane_A0.002_bands_KZOOM.npz — skipping
[2025-12-16 22:40:53] K-zoom NPZ already exists for Ez=0.003: ../gpw/ab_gate_plane_A0.003_bands_KZOOM.npz — skipping
[2025-12-16 22:40:53] K-zoom NPZ already exists for Ez=0.004: ../gpw/ab_gate_plane_A0.004_bands_KZOOM.npz — skipping
[2025-12-16 22:41:02] K-zoom NPZ already exists for Ez=0.000: ../gpw/ab_gate_plane_A0.000_bands_KZOOM.npz — skipping
[2025-12-16 22:41:02] K-zoom NPZ already exists for Ez=0.001: ../gpw/ab_gate_plane_A0.001_bands_KZOOM.npz — skipping
[2025-12-16 22:41:02] K-zoom NPZ already exists for Ez=0.002: ../gpw/ab_gate_plane_A0.002_bands_KZOOM.npz — skipping
[2025-12-16 22:41:16] Saved K-zoom bands for Ez=0.003 to ../gpw/ab_gate_plane_A0.003_bands_KZOOM.npz
[2025-12-16 22:41:28] Saved K-zoom bands for Ez=0.004 to ../gpw/ab_gate_plane_A0.004_bands_KZOOM.npz
[2025-12-16 22:41:39] Ez=0.000 -> gap=0.000036 eV
[2025-12-16 22:41:39] Ez=0.001 -> gap=0.164676 eV
[2025-12-16 22:41:39] Ez=0.002 -> gap=0.214118 eV
[2025-12-16 22:41:39] Ez=0.003 -> gap=0.277362 eV
[2025-12-16 22:41:39] Ez=0.004 -> gap=0.324505 eV
[2025-12-16 22:41:39] Saved band gaps to ../gpw/bandgaps_KZOOM.csv
[2025-12-16 22:42:37] K-zoom NPZ already exists for Ez=0.000: ../gpw/ab_gate_plane_A0.000_bands_KZOOM.npz — skipping
[2025-12-16 22:42:37] K-zoom NPZ already exists for Ez=0.001: ../gpw/ab_gate_plane_A0.001_bands_KZOOM.npz — skipping
[2025-12-16 22:42:37] K-zoom NPZ already exists for Ez=0.002: ../gpw/ab_gate_plane_A0.002_bands_KZOOM.npz — skipping
[2025-12-16 22:42:37] K-zoom NPZ already exists for Ez=0.003: ../gpw/ab_gate_plane_A0.003_bands_KZOOM.npz — skipping
[2025-12-16 22:42:37] K-zoom NPZ already exists for Ez=0.004: ../gpw/ab_gate_plane_A0.004_bands_KZOOM.npz — skipping
[2025-12-16 22:42:55] GPW not found for Ez=0.000: ../gpw/ab_gate_plane_A0.000.gpw — skipping K-zoom compute
[2025-12-16 22:42:55] GPW not found for Ez=0.001: ../gpw/ab_gate_plane_A0.001.gpw — skipping K-zoom compute
[2025-12-16 22:42:55] GPW not found for Ez=0.002: ../gpw/ab_gate_plane_A0.002.gpw — skipping K-zoom compute
[2025-12-16 22:42:55] GPW not found for Ez=0.003: ../gpw/ab_gate_plane_A0.003.gpw — skipping K-zoom compute
[2025-12-16 22:42:55] GPW not found for Ez=0.004: ../gpw/ab_gate_plane_A0.004.gpw — skipping K-zoom compute
[2025-12-16 22:43:44] Error saving K-zoom bands for Ez=0.000: [Errno 2] No such file or directory: '../gpw/ab_gate_plane_A0.000_bands_KZOOM.npz'
[2025-12-16 22:44:08] Saved K-zoom bands for Ez=0.001 to ../gpw/ab_gate_plane_A0.001_bands_KZOOM.npz
[2025-12-16 22:44:32] Saved K-zoom bands for Ez=0.002 to ../gpw/ab_gate_plane_A0.002_bands_KZOOM.npz
[2025-12-16 22:44:32] K-zoom NPZ already exists for Ez=0.003: ../gpw/ab_gate_plane_A0.003_bands_KZOOM.npz — skipping
[2025-12-16 22:44:33] K-zoom NPZ already exists for Ez=0.004: ../gpw/ab_gate_plane_A0.004_bands_KZOOM.npz — skipping
[2025-12-16 22:45:06] K-zoom NPZ missing for Ez=0.000 — skipping gap
[2025-12-16 22:45:06] Ez=0.001 -> gap=0.141658 eV
[2025-12-16 22:45:06] Ez=0.002 -> gap=0.214046 eV
[2025-12-16 22:45:06] Ez=0.003 -> gap=0.277362 eV
[2025-12-16 22:45:06] Ez=0.004 -> gap=0.324505 eV
[2025-12-16 22:45:06] Saved band gaps to ../gpw/bandgaps_KZOOM.csv
[2025-12-16 22:46:28] Error saving K-zoom bands for Ez=0.000: [Errno 2] No such file or directory: '../gpw/ab_gate_plane_A0.000_bands_KZOOM.npz'
[2025-12-16 22:46:54] Saved K-zoom bands for Ez=0.001 to ../gpw/ab_gate_plane_A0.001_bands_KZOOM.npz
[2025-12-16 22:47:18] Saved K-zoom bands for Ez=0.002 to ../gpw/ab_gate_plane_A0.002_bands_KZOOM.npz
[2025-12-16 22:47:44] Saved K-zoom bands for Ez=0.003 to ../gpw/ab_gate_plane_A0.003_bands_KZOOM.npz
[2025-12-16 22:48:08] Error saving K-zoom bands for Ez=0.004: [Errno 2] No such file or directory: '../gpw/ab_gate_plane_A0.004_bands_KZOOM.npz'
[2025-12-16 22:48:34] K-zoom NPZ missing for Ez=0.000 — skipping gap
[2025-12-16 22:48:34] Ez=0.001 -> gap=0.141658 eV
[2025-12-16 22:48:34] Ez=0.002 -> gap=0.214046 eV
[2025-12-16 22:48:34] Ez=0.003 -> gap=0.258743 eV
[2025-12-16 22:48:34] K-zoom NPZ missing for Ez=0.004 — skipping gap
[2025-12-16 22:48:34] Saved band gaps to ../gpw/bandgaps_KZOOM.csv
[2025-12-16 22:50:10] Error saving K-zoom bands for Ez=0.000: [Errno 2] No such file or directory: '../gpw/ab_gate_plane_A0.000_bands_KZOOM.npz'
[2025-12-16 22:50:10] K-zoom NPZ already exists for Ez=0.001: ../gpw/ab_gate_plane_A0.001_bands_KZOOM.npz — skipping
[2025-12-16 22:50:10] K-zoom NPZ already exists for Ez=0.002: ../gpw/ab_gate_plane_A0.002_bands_KZOOM.npz — skipping
[2025-12-16 22:50:10] K-zoom NPZ already exists for Ez=0.003: ../gpw/ab_gate_plane_A0.003_bands_KZOOM.npz — skipping
[2025-12-16 22:50:35] Saved K-zoom bands for Ez=0.004 to ../gpw/ab_gate_plane_A0.004_bands_KZOOM.npz
[2025-12-16 22:50:42] K-zoom NPZ missing for Ez=0.000 — skipping gap
[2025-12-16 22:50:42] Ez=0.001 -> gap=0.141658 eV
[2025-12-16 22:50:42] Ez=0.002 -> gap=0.214046 eV
[2025-12-16 22:50:42] Ez=0.003 -> gap=0.258743 eV
[2025-12-16 22:50:42] Ez=0.004 -> gap=0.257285 eV
[2025-12-16 22:50:42] Saved band gaps to ../gpw/bandgaps_KZOOM.csv
[2025-12-16 22:50:55] Skipping Ez=0.000 eV/Å (already in results)
[2025-12-16 22:50:55] Skipping Ez=0.001 eV/Å (already in results)
[2025-12-16 22:50:55] Skipping Ez=0.002 eV/Å (already in results)
[2025-12-16 22:50:55] Skipping Ez=0.003 eV/Å (already in results)
[2025-12-16 22:50:55] Skipping Ez=0.004 eV/Å (already in results)
[2025-12-16 22:50:55] Running Ez=0.005 eV/Å
[2025-12-16 23:00:53] Saved Ez=0.005, gap=0.0000 eV to CSV and ../gpw/ab_gate_plane_A0.005.gpw
[2025-12-16 23:00:53] Running Ez=0.006 eV/Å
[2025-12-16 23:10:55] Saved Ez=0.006, gap=0.0000 eV to CSV and ../gpw/ab_gate_plane_A0.006.gpw
[2025-12-16 23:10:55] Running Ez=0.007 eV/Å
[2025-12-16 23:15:53] Error saving K-zoom bands for Ez=0.000: [Errno 2] No such file or directory: '../gpw/ab_gate_plane_A0.000_bands_KZOOM.npz'
[2025-12-16 23:15:53] K-zoom NPZ already exists for Ez=0.001: ../gpw/ab_gate_plane_A0.001_bands_KZOOM.npz — skipping
[2025-12-16 23:15:53] K-zoom NPZ already exists for Ez=0.002: ../gpw/ab_gate_plane_A0.002_bands_KZOOM.npz — skipping
[2025-12-16 23:15:53] K-zoom NPZ already exists for Ez=0.003: ../gpw/ab_gate_plane_A0.003_bands_KZOOM.npz — skipping
[2025-12-16 23:15:53] K-zoom NPZ already exists for Ez=0.004: ../gpw/ab_gate_plane_A0.004_bands_KZOOM.npz — skipping
[2025-12-16 23:15:53] K-zoom NPZ already exists for Ez=0.005: ../gpw/ab_gate_plane_A0.005_bands_KZOOM.npz — skipping
[2025-12-16 23:15:53] K-zoom NPZ already exists for Ez=0.006: ../gpw/ab_gate_plane_A0.006_bands_KZOOM.npz — skipping
[2025-12-16 23:16:47] K-zoom NPZ missing for Ez=0.000 — skipping gap
[2025-12-16 23:16:47] Ez=0.001 -> gap=0.141658 eV
[2025-12-16 23:16:48] Ez=0.002 -> gap=0.214046 eV
[2025-12-16 23:16:48] Ez=0.003 -> gap=0.258743 eV
[2025-12-16 23:16:48] Ez=0.004 -> gap=0.257285 eV
[2025-12-16 23:16:48] Ez=0.005 -> gap=0.270313 eV
[2025-12-16 23:16:48] Ez=0.006 -> gap=0.267169 eV
[2025-12-16 23:16:48] Saved band gaps to ../gpw/bandgaps_KZOOM.csv
[2025-12-16 23:18:29] Error saving K-zoom bands for Ez=0.000: [Errno 2] No such file or directory: '../gpw/ab_gate_plane_A0.000_bands_KZOOM.npz'
[2025-12-16 23:18:29] K-zoom NPZ already exists for Ez=0.001: ../gpw/ab_gate_plane_A0.001_bands_KZOOM.npz — skipping
[2025-12-16 23:18:29] K-zoom NPZ already exists for Ez=0.002: ../gpw/ab_gate_plane_A0.002_bands_KZOOM.npz — skipping
[2025-12-16 23:18:29] K-zoom NPZ already exists for Ez=0.003: ../gpw/ab_gate_plane_A0.003_bands_KZOOM.npz — skipping
[2025-12-16 23:18:29] K-zoom NPZ already exists for Ez=0.004: ../gpw/ab_gate_plane_A0.004_bands_KZOOM.npz — skipping
[2025-12-16 23:18:29] K-zoom NPZ already exists for Ez=0.005: ../gpw/ab_gate_plane_A0.005_bands_KZOOM.npz — skipping
[2025-12-16 23:18:29] K-zoom NPZ already exists for Ez=0.006: ../gpw/ab_gate_plane_A0.006_bands_KZOOM.npz — skipping
[2025-12-16 23:19:53] Skipping Ez=0.000 eV/Å (already in results)
[2025-12-16 23:19:53] Skipping Ez=0.001 eV/Å (already in results)
[2025-12-16 23:19:53] Skipping Ez=0.002 eV/Å (already in results)
[2025-12-16 23:19:53] Skipping Ez=0.003 eV/Å (already in results)
[2025-12-16 23:19:53] Skipping Ez=0.004 eV/Å (already in results)
[2025-12-16 23:19:53] Skipping Ez=0.005 eV/Å (already in results)
[2025-12-16 23:19:53] Skipping Ez=0.006 eV/Å (already in results)
[2025-12-16 23:19:53] Running Ez=0.007 eV/Å
[2025-12-16 23:30:23] Saved Ez=0.007, gap=0.0000 eV to CSV and ../gpw/ab_gate_plane_A0.007.gpw
[2025-12-16 23:30:23] Running Ez=0.008 eV/Å
[2025-12-16 23:40:18] Saved Ez=0.008, gap=0.0000 eV to CSV and ../gpw/ab_gate_plane_A0.008.gpw
[2025-12-16 23:40:18] Running Ez=0.009 eV/Å
[2025-12-16 23:50:01] Saved Ez=0.009, gap=0.0000 eV to CSV and ../gpw/ab_gate_plane_A0.009.gpw
[2025-12-16 23:50:01] Running Ez=0.010 eV/Å
[2025-12-17 00:00:03] Saved Ez=0.010, gap=0.0000 eV to CSV and ../gpw/ab_gate_plane_A0.010.gpw
[2025-12-17 00:00:03] Running Ez=0.011 eV/Å
[2025-12-17 00:08:59] Saved Ez=0.011, gap=0.0000 eV to CSV and ../gpw/ab_gate_plane_A0.011.gpw
[2025-12-17 00:08:59] Running Ez=0.012 eV/Å
[2025-12-17 00:18:05] Saved Ez=0.012, gap=0.0000 eV to CSV and ../gpw/ab_gate_plane_A0.012.gpw
[2025-12-17 00:18:05] Running Ez=0.013 eV/Å
[2025-12-17 00:19:07] Error saving K-zoom bands for Ez=0.000: [Errno 2] No such file or directory: '../gpw/ab_gate_plane_A0.000_bands_KZOOM.npz'
[2025-12-17 00:19:07] K-zoom NPZ already exists for Ez=0.001: ../gpw/ab_gate_plane_A0.001_bands_KZOOM.npz — skipping
[2025-12-17 00:19:07] K-zoom NPZ already exists for Ez=0.002: ../gpw/ab_gate_plane_A0.002_bands_KZOOM.npz — skipping
[2025-12-17 00:19:07] K-zoom NPZ already exists for Ez=0.003: ../gpw/ab_gate_plane_A0.003_bands_KZOOM.npz — skipping
[2025-12-17 00:19:07] K-zoom NPZ already exists for Ez=0.004: ../gpw/ab_gate_plane_A0.004_bands_KZOOM.npz — skipping
[2025-12-17 00:19:07] K-zoom NPZ already exists for Ez=0.005: ../gpw/ab_gate_plane_A0.005_bands_KZOOM.npz — skipping
[2025-12-17 00:19:07] K-zoom NPZ already exists for Ez=0.006: ../gpw/ab_gate_plane_A0.006_bands_KZOOM.npz — skipping
[2025-12-17 00:19:07] K-zoom NPZ already exists for Ez=0.007: ../gpw/ab_gate_plane_A0.007_bands_KZOOM.npz — skipping
[2025-12-17 00:19:07] K-zoom NPZ already exists for Ez=0.008: ../gpw/ab_gate_plane_A0.008_bands_KZOOM.npz — skipping
[2025-12-17 00:19:07] K-zoom NPZ already exists for Ez=0.009: ../gpw/ab_gate_plane_A0.009_bands_KZOOM.npz — skipping
[2025-12-17 00:19:07] K-zoom NPZ already exists for Ez=0.010: ../gpw/ab_gate_plane_A0.010_bands_KZOOM.npz — skipping
[2025-12-17 00:19:07] K-zoom NPZ already exists for Ez=0.011: ../gpw/ab_gate_plane_A0.011_bands_KZOOM.npz — skipping
[2025-12-17 00:19:07] K-zoom NPZ already exists for Ez=0.012: ../gpw/ab_gate_plane_A0.012_bands_KZOOM.npz — skipping
[2025-12-17 00:20:47] K-zoom NPZ missing for Ez=0.000 — skipping gap
[2025-12-17 00:20:48] Ez=0.001 -> gap=0.141658 eV
[2025-12-17 00:20:48] Ez=0.002 -> gap=0.214046 eV
[2025-12-17 00:20:48] Ez=0.003 -> gap=0.258743 eV
[2025-12-17 00:20:48] Ez=0.004 -> gap=0.257285 eV
[2025-12-17 00:20:48] Ez=0.005 -> gap=0.270313 eV
[2025-12-17 00:20:48] Ez=0.006 -> gap=0.267169 eV
[2025-12-17 00:20:48] Ez=0.007 -> gap=0.271324 eV
[2025-12-17 00:20:48] Ez=0.008 -> gap=0.270548 eV
[2025-12-17 00:20:48] Ez=0.009 -> gap=0.268510 eV
[2025-12-17 00:20:48] Ez=0.010 -> gap=0.275487 eV
[2025-12-17 00:20:48] Ez=0.011 -> gap=0.266341 eV
[2025-12-17 00:20:48] Ez=0.012 -> gap=0.269919 eV
[2025-12-17 00:20:48] Saved band gaps to ../gpw/bandgaps_KZOOM.csv
[2025-12-17 00:21:04] Full-path NPZ not found for Ez=0.000: ../gpw/ab_gate_plane_A0.000_bands_KZOOM.npz — skipping frame
[2025-12-17 00:21:10] Saved GIF to ../gpw/bands_KZOOM_vs_field.gif
[2025-12-17 00:21:25] Skipping Ez=0.000 eV/Å (already in results)
[2025-12-17 00:21:25] Skipping Ez=0.001 eV/Å (already in results)
[2025-12-17 00:21:25] Skipping Ez=0.002 eV/Å (already in results)
[2025-12-17 00:21:25] Skipping Ez=0.003 eV/Å (already in results)
[2025-12-17 00:21:25] Skipping Ez=0.004 eV/Å (already in results)
[2025-12-17 00:21:25] Skipping Ez=0.005 eV/Å (already in results)
[2025-12-17 00:21:25] Skipping Ez=0.006 eV/Å (already in results)
[2025-12-17 00:21:25] Skipping Ez=0.007 eV/Å (already in results)
[2025-12-17 00:21:25] Skipping Ez=0.008 eV/Å (already in results)
[2025-12-17 00:21:25] Skipping Ez=0.009 eV/Å (already in results)
[2025-12-17 00:21:25] Skipping Ez=0.010 eV/Å (already in results)
[2025-12-17 00:21:25] Skipping Ez=0.011 eV/Å (already in results)
[2025-12-17 00:21:25] Skipping Ez=0.012 eV/Å (already in results)
[2025-12-17 00:21:25] Running Ez=0.013 eV/Å
[2025-12-17 00:31:05] Saved Ez=0.013, gap=0.0000 eV to CSV and ../gpw/ab_gate_plane_A0.013.gpw
[2025-12-17 00:31:05] Running Ez=0.014 eV/Å
[2025-12-17 00:39:36] Saved Ez=0.014, gap=0.0000 eV to CSV and ../gpw/ab_gate_plane_A0.014.gpw
[2025-12-17 00:39:36] Running Ez=0.015 eV/Å
[2025-12-17 00:47:59] Saved Ez=0.015, gap=0.0000 eV to CSV and ../gpw/ab_gate_plane_A0.015.gpw
[2025-12-17 00:47:59] Running Ez=0.016 eV/Å
[2025-12-17 00:55:35] Saved Ez=0.016, gap=0.0000 eV to CSV and ../gpw/ab_gate_plane_A0.016.gpw
[2025-12-17 00:55:35] Running Ez=0.017 eV/Å
[2025-12-17 01:03:41] Saved Ez=0.017, gap=0.0000 eV to CSV and ../gpw/ab_gate_plane_A0.017.gpw
[2025-12-17 01:03:41] Running Ez=0.018 eV/Å
[2025-12-17 01:11:29] Saved Ez=0.018, gap=0.0000 eV to CSV and ../gpw/ab_gate_plane_A0.018.gpw
[2025-12-17 01:11:29] Running Ez=0.019 eV/Å
[2025-12-17 01:18:36] Saved Ez=0.019, gap=0.0000 eV to CSV and ../gpw/ab_gate_plane_A0.019.gpw
[2025-12-17 01:18:36] Running Ez=0.020 eV/Å
[2025-12-17 01:26:55] Saved Ez=0.020, gap=0.0000 eV to CSV and ../gpw/ab_gate_plane_A0.020.gpw
[2025-12-17 01:29:32] Saved K-zoom bands for Ez=0.000 to ../gpw/ab_gate_plane_A0.000_bands_KZOOM.npz
[2025-12-17 01:29:32] K-zoom NPZ already exists for Ez=0.001: ../gpw/ab_gate_plane_A0.001_bands_KZOOM.npz — skipping
[2025-12-17 01:29:32] K-zoom NPZ already exists for Ez=0.002: ../gpw/ab_gate_plane_A0.002_bands_KZOOM.npz — skipping
[2025-12-17 01:29:32] K-zoom NPZ already exists for Ez=0.003: ../gpw/ab_gate_plane_A0.003_bands_KZOOM.npz — skipping
[2025-12-17 01:29:32] K-zoom NPZ already exists for Ez=0.004: ../gpw/ab_gate_plane_A0.004_bands_KZOOM.npz — skipping
[2025-12-17 01:29:32] K-zoom NPZ already exists for Ez=0.005: ../gpw/ab_gate_plane_A0.005_bands_KZOOM.npz — skipping
[2025-12-17 01:29:32] K-zoom NPZ already exists for Ez=0.006: ../gpw/ab_gate_plane_A0.006_bands_KZOOM.npz — skipping
[2025-12-17 01:29:32] K-zoom NPZ already exists for Ez=0.007: ../gpw/ab_gate_plane_A0.007_bands_KZOOM.npz — skipping
[2025-12-17 01:29:32] K-zoom NPZ already exists for Ez=0.008: ../gpw/ab_gate_plane_A0.008_bands_KZOOM.npz — skipping
[2025-12-17 01:29:32] K-zoom NPZ already exists for Ez=0.009: ../gpw/ab_gate_plane_A0.009_bands_KZOOM.npz — skipping
[2025-12-17 01:29:32] K-zoom NPZ already exists for Ez=0.010: ../gpw/ab_gate_plane_A0.010_bands_KZOOM.npz — skipping
[2025-12-17 01:29:32] K-zoom NPZ already exists for Ez=0.011: ../gpw/ab_gate_plane_A0.011_bands_KZOOM.npz — skipping
[2025-12-17 01:29:32] K-zoom NPZ already exists for Ez=0.012: ../gpw/ab_gate_plane_A0.012_bands_KZOOM.npz — skipping
[2025-12-17 01:29:32] K-zoom NPZ already exists for Ez=0.013: ../gpw/ab_gate_plane_A0.013_bands_KZOOM.npz — skipping
[2025-12-17 01:29:32] K-zoom NPZ already exists for Ez=0.014: ../gpw/ab_gate_plane_A0.014_bands_KZOOM.npz — skipping
[2025-12-17 01:29:32] K-zoom NPZ already exists for Ez=0.015: ../gpw/ab_gate_plane_A0.015_bands_KZOOM.npz — skipping
[2025-12-17 01:29:32] K-zoom NPZ already exists for Ez=0.016: ../gpw/ab_gate_plane_A0.016_bands_KZOOM.npz — skipping
[2025-12-17 01:29:32] K-zoom NPZ already exists for Ez=0.017: ../gpw/ab_gate_plane_A0.017_bands_KZOOM.npz — skipping
[2025-12-17 01:29:32] K-zoom NPZ already exists for Ez=0.018: ../gpw/ab_gate_plane_A0.018_bands_KZOOM.npz — skipping
[2025-12-17 01:29:32] K-zoom NPZ already exists for Ez=0.019: ../gpw/ab_gate_plane_A0.019_bands_KZOOM.npz — skipping
[2025-12-17 01:29:32] K-zoom NPZ already exists for Ez=0.020: ../gpw/ab_gate_plane_A0.020_bands_KZOOM.npz — skipping
[2025-12-17 01:30:54] K-zoom NPZ already exists for Ez=0.000: ../gpw/ab_gate_plane_A0.000_bands_KZOOM.npz — skipping
[2025-12-17 01:30:54] K-zoom NPZ already exists for Ez=0.001: ../gpw/ab_gate_plane_A0.001_bands_KZOOM.npz — skipping
[2025-12-17 01:30:54] K-zoom NPZ already exists for Ez=0.002: ../gpw/ab_gate_plane_A0.002_bands_KZOOM.npz — skipping
[2025-12-17 01:30:54] K-zoom NPZ already exists for Ez=0.003: ../gpw/ab_gate_plane_A0.003_bands_KZOOM.npz — skipping
[2025-12-17 01:30:54] K-zoom NPZ already exists for Ez=0.004: ../gpw/ab_gate_plane_A0.004_bands_KZOOM.npz — skipping
[2025-12-17 01:31:25] Saved K-zoom bands for Ez=0.005 to ../gpw/ab_gate_plane_A0.005_bands_KZOOM.npz
[2025-12-17 01:31:53] Saved K-zoom bands for Ez=0.006 to ../gpw/ab_gate_plane_A0.006_bands_KZOOM.npz
[2025-12-17 01:32:20] Saved K-zoom bands for Ez=0.007 to ../gpw/ab_gate_plane_A0.007_bands_KZOOM.npz
[2025-12-17 01:32:47] Saved K-zoom bands for Ez=0.008 to ../gpw/ab_gate_plane_A0.008_bands_KZOOM.npz
[2025-12-17 01:33:13] Saved K-zoom bands for Ez=0.009 to ../gpw/ab_gate_plane_A0.009_bands_KZOOM.npz
[2025-12-17 01:33:41] Saved K-zoom bands for Ez=0.010 to ../gpw/ab_gate_plane_A0.010_bands_KZOOM.npz
[2025-12-17 01:34:06] Saved K-zoom bands for Ez=0.011 to ../gpw/ab_gate_plane_A0.011_bands_KZOOM.npz
[2025-12-17 01:34:33] Error saving K-zoom bands for Ez=0.012: [Errno 2] No such file or directory: '../gpw/ab_gate_plane_A0.012_bands_KZOOM.npz'
[2025-12-17 01:35:00] Saved K-zoom bands for Ez=0.013 to ../gpw/ab_gate_plane_A0.013_bands_KZOOM.npz
[2025-12-17 01:35:24] Saved K-zoom bands for Ez=0.014 to ../gpw/ab_gate_plane_A0.014_bands_KZOOM.npz
[2025-12-17 01:35:50] Saved K-zoom bands for Ez=0.015 to ../gpw/ab_gate_plane_A0.015_bands_KZOOM.npz
[2025-12-17 01:36:16] Saved K-zoom bands for Ez=0.016 to ../gpw/ab_gate_plane_A0.016_bands_KZOOM.npz
[2025-12-17 01:36:41] Saved K-zoom bands for Ez=0.017 to ../gpw/ab_gate_plane_A0.017_bands_KZOOM.npz
[2025-12-17 01:37:09] Saved K-zoom bands for Ez=0.018 to ../gpw/ab_gate_plane_A0.018_bands_KZOOM.npz
[2025-12-17 01:37:35] Saved K-zoom bands for Ez=0.019 to ../gpw/ab_gate_plane_A0.019_bands_KZOOM.npz
[2025-12-17 01:38:04] Saved K-zoom bands for Ez=0.020 to ../gpw/ab_gate_plane_A0.020_bands_KZOOM.npz
[2025-12-17 01:39:45] Ez=0.000 -> gap=0.000036 eV
[2025-12-17 01:39:45] Ez=0.001 -> gap=0.141658 eV
[2025-12-17 01:39:45] Ez=0.002 -> gap=0.214046 eV
[2025-12-17 01:39:45] Ez=0.003 -> gap=0.258743 eV
[2025-12-17 01:39:45] Ez=0.004 -> gap=0.257285 eV
[2025-12-17 01:39:45] Ez=0.005 -> gap=0.281438 eV
[2025-12-17 01:39:45] Ez=0.006 -> gap=0.270422 eV
[2025-12-17 01:39:45] Ez=0.007 -> gap=0.267275 eV
[2025-12-17 01:39:45] Ez=0.008 -> gap=0.280257 eV
[2025-12-17 01:39:45] Ez=0.009 -> gap=0.278390 eV
[2025-12-17 01:39:45] Ez=0.010 -> gap=0.267196 eV
[2025-12-17 01:39:45] Ez=0.011 -> gap=0.273793 eV
[2025-12-17 01:39:45] K-zoom NPZ missing for Ez=0.012 — skipping gap
[2025-12-17 01:39:45] Ez=0.013 -> gap=0.264365 eV
[2025-12-17 01:39:45] Ez=0.014 -> gap=0.262372 eV
[2025-12-17 01:39:45] Ez=0.015 -> gap=0.273868 eV
[2025-12-17 01:39:45] Ez=0.016 -> gap=0.270888 eV
[2025-12-17 01:39:45] Ez=0.017 -> gap=0.256510 eV
[2025-12-17 01:39:45] Ez=0.018 -> gap=0.251745 eV
[2025-12-17 01:39:45] Ez=0.019 -> gap=0.254610 eV
[2025-12-17 01:39:45] Ez=0.020 -> gap=0.264320 eV
[2025-12-17 01:39:45] Saved band gaps to ../gpw/bandgaps_KZOOM.csv
[2025-12-17 01:40:34] Full-path NPZ not found for Ez=0.012: ../gpw/ab_gate_plane_A0.012_bands_KZOOM.npz — skipping frame
[2025-12-17 01:40:36] Saved GIF to ../gpw/bands_KZOOM_vs_field.gif
[2025-12-17 01:41:04] K-zoom NPZ already exists for Ez=0.000: ../gpw/ab_gate_plane_A0.000_bands_KZOOM.npz — skipping
[2025-12-17 01:41:04] K-zoom NPZ already exists for Ez=0.001: ../gpw/ab_gate_plane_A0.001_bands_KZOOM.npz — skipping
[2025-12-17 01:41:04] K-zoom NPZ already exists for Ez=0.002: ../gpw/ab_gate_plane_A0.002_bands_KZOOM.npz — skipping
[2025-12-17 01:41:04] K-zoom NPZ already exists for Ez=0.003: ../gpw/ab_gate_plane_A0.003_bands_KZOOM.npz — skipping
[2025-12-17 01:41:04] K-zoom NPZ already exists for Ez=0.004: ../gpw/ab_gate_plane_A0.004_bands_KZOOM.npz — skipping
[2025-12-17 01:41:04] K-zoom NPZ already exists for Ez=0.005: ../gpw/ab_gate_plane_A0.005_bands_KZOOM.npz — skipping
[2025-12-17 01:41:04] K-zoom NPZ already exists for Ez=0.006: ../gpw/ab_gate_plane_A0.006_bands_KZOOM.npz — skipping
[2025-12-17 01:41:04] K-zoom NPZ already exists for Ez=0.007: ../gpw/ab_gate_plane_A0.007_bands_KZOOM.npz — skipping
[2025-12-17 01:41:04] K-zoom NPZ already exists for Ez=0.008: ../gpw/ab_gate_plane_A0.008_bands_KZOOM.npz — skipping
[2025-12-17 01:41:04] K-zoom NPZ already exists for Ez=0.009: ../gpw/ab_gate_plane_A0.009_bands_KZOOM.npz — skipping
[2025-12-17 01:41:04] K-zoom NPZ already exists for Ez=0.010: ../gpw/ab_gate_plane_A0.010_bands_KZOOM.npz — skipping
[2025-12-17 01:41:04] K-zoom NPZ already exists for Ez=0.011: ../gpw/ab_gate_plane_A0.011_bands_KZOOM.npz — skipping
[2025-12-17 01:41:30] Saved K-zoom bands for Ez=0.012 to ../gpw/ab_gate_plane_A0.012_bands_KZOOM.npz
[2025-12-17 01:41:30] K-zoom NPZ already exists for Ez=0.013: ../gpw/ab_gate_plane_A0.013_bands_KZOOM.npz — skipping
[2025-12-17 01:41:30] K-zoom NPZ already exists for Ez=0.014: ../gpw/ab_gate_plane_A0.014_bands_KZOOM.npz — skipping
[2025-12-17 01:41:30] K-zoom NPZ already exists for Ez=0.015: ../gpw/ab_gate_plane_A0.015_bands_KZOOM.npz — skipping
[2025-12-17 01:41:30] K-zoom NPZ already exists for Ez=0.016: ../gpw/ab_gate_plane_A0.016_bands_KZOOM.npz — skipping
[2025-12-17 01:41:30] K-zoom NPZ already exists for Ez=0.017: ../gpw/ab_gate_plane_A0.017_bands_KZOOM.npz — skipping
[2025-12-17 01:41:30] K-zoom NPZ already exists for Ez=0.018: ../gpw/ab_gate_plane_A0.018_bands_KZOOM.npz — skipping
[2025-12-17 01:41:30] K-zoom NPZ already exists for Ez=0.019: ../gpw/ab_gate_plane_A0.019_bands_KZOOM.npz — skipping
[2025-12-17 01:41:30] K-zoom NPZ already exists for Ez=0.020: ../gpw/ab_gate_plane_A0.020_bands_KZOOM.npz — skipping
[2025-12-17 01:43:53] Skipping Ez=0.000 eV/Å (already in results)
[2025-12-17 01:43:53] Skipping Ez=0.001 eV/Å (already in results)
[2025-12-17 01:43:53] Skipping Ez=0.002 eV/Å (already in results)
[2025-12-17 01:43:53] Skipping Ez=0.003 eV/Å (already in results)
[2025-12-17 01:43:53] Skipping Ez=0.004 eV/Å (already in results)
[2025-12-17 01:43:53] Skipping Ez=0.005 eV/Å (already in results)
[2025-12-17 01:43:53] Skipping Ez=0.006 eV/Å (already in results)
[2025-12-17 01:43:53] Skipping Ez=0.007 eV/Å (already in results)
[2025-12-17 01:43:53] Skipping Ez=0.008 eV/Å (already in results)
[2025-12-17 01:43:53] Skipping Ez=0.009 eV/Å (already in results)
[2025-12-17 01:43:53] Skipping Ez=0.010 eV/Å (already in results)
[2025-12-17 01:43:53] Skipping Ez=0.011 eV/Å (already in results)
[2025-12-17 01:43:53] Skipping Ez=0.012 eV/Å (already in results)
[2025-12-17 01:43:53] Skipping Ez=0.013 eV/Å (already in results)
[2025-12-17 01:43:53] Skipping Ez=0.014 eV/Å (already in results)
[2025-12-17 01:43:53] Skipping Ez=0.015 eV/Å (already in results)
[2025-12-17 01:43:53] Skipping Ez=0.016 eV/Å (already in results)
[2025-12-17 01:43:53] Skipping Ez=0.017 eV/Å (already in results)
[2025-12-17 01:43:53] Skipping Ez=0.018 eV/Å (already in results)
[2025-12-17 01:43:53] Skipping Ez=0.019 eV/Å (already in results)
[2025-12-17 01:43:53] Skipping Ez=0.020 eV/Å (already in results)
[2025-12-17 01:43:53] Skipping Ez=0.020 eV/Å (already in results)
[2025-12-17 01:43:53] Running Ez=0.030 eV/Å
[2025-12-17 01:54:18] Saved Ez=0.030, gap=0.0000 eV to CSV and ../gpw/ab_gate_plane_A0.030.gpw
[2025-12-17 01:54:18] Running Ez=0.040 eV/Å
[2025-12-17 02:07:00] Saved Ez=0.040, gap=0.0000 eV to CSV and ../gpw/ab_gate_plane_A0.040.gpw
[2025-12-17 02:07:00] Running Ez=0.050 eV/Å
[2025-12-17 02:26:41] Saved Ez=0.050, gap=0.0000 eV to CSV and ../gpw/ab_gate_plane_A0.050.gpw
[2025-12-17 02:26:41] Running Ez=0.060 eV/Å
[2025-12-17 02:42:47] Saved Ez=0.060, gap=0.0000 eV to CSV and ../gpw/ab_gate_plane_A0.060.gpw
[2025-12-17 02:42:47] Running Ez=0.070 eV/Å
[2025-12-17 02:58:54] Saved Ez=0.070, gap=0.0000 eV to CSV and ../gpw/ab_gate_plane_A0.070.gpw
[2025-12-17 02:58:54] Running Ez=0.080 eV/Å
[2025-12-17 03:15:15] Saved Ez=0.080, gap=0.0000 eV to CSV and ../gpw/ab_gate_plane_A0.080.gpw
[2025-12-17 03:15:15] Running Ez=0.090 eV/Å
[2025-12-17 03:43:13] Saved Ez=0.090, gap=0.0000 eV to CSV and ../gpw/ab_gate_plane_A0.090.gpw
[2025-12-17 03:43:13] Running Ez=0.100 eV/Å
[2025-12-17 04:02:02] Saved Ez=0.100, gap=0.0000 eV to CSV and ../gpw/ab_gate_plane_A0.100.gpw
[2025-12-17 04:02:02] Running Ez=0.110 eV/Å
[2025-12-17 04:25:02] Saved Ez=0.110, gap=0.0000 eV to CSV and ../gpw/ab_gate_plane_A0.110.gpw
[2025-12-17 04:25:02] Running Ez=0.120 eV/Å
[2025-12-17 04:44:19] Saved Ez=0.120, gap=0.0000 eV to CSV and ../gpw/ab_gate_plane_A0.120.gpw
[2025-12-17 04:44:19] Running Ez=0.130 eV/Å
[2025-12-17 05:07:40] Saved Ez=0.130, gap=0.0000 eV to CSV and ../gpw/ab_gate_plane_A0.130.gpw
[2025-12-17 05:07:40] Running Ez=0.140 eV/Å
[2025-12-17 05:28:04] Saved Ez=0.140, gap=0.0000 eV to CSV and ../gpw/ab_gate_plane_A0.140.gpw
[2025-12-17 05:28:04] Running Ez=0.150 eV/Å
[2025-12-17 05:48:18] Saved Ez=0.150, gap=0.0000 eV to CSV and ../gpw/ab_gate_plane_A0.150.gpw
[2025-12-17 05:48:18] Running Ez=0.160 eV/Å
[2025-12-17 06:06:59] Saved Ez=0.160, gap=0.0000 eV to CSV and ../gpw/ab_gate_plane_A0.160.gpw
[2025-12-17 06:06:59] Running Ez=0.170 eV/Å
[2025-12-17 06:30:57] Saved Ez=0.170, gap=0.0000 eV to CSV and ../gpw/ab_gate_plane_A0.170.gpw
[2025-12-17 06:30:57] Running Ez=0.180 eV/Å
[2025-12-17 06:51:12] Saved Ez=0.180, gap=0.0000 eV to CSV and ../gpw/ab_gate_plane_A0.180.gpw
[2025-12-17 06:51:12] Running Ez=0.190 eV/Å
[2025-12-17 07:13:27] Saved Ez=0.190, gap=0.0000 eV to CSV and ../gpw/ab_gate_plane_A0.190.gpw
[2025-12-17 07:13:27] Running Ez=0.200 eV/Å
[2025-12-17 07:35:23] Saved Ez=0.200, gap=0.0000 eV to CSV and ../gpw/ab_gate_plane_A0.200.gpw
[2025-12-17 07:35:23] Running Ez=0.200 eV/Å
[2025-12-17 07:57:45] Saved Ez=0.200, gap=0.0000 eV to CSV and ../gpw/ab_gate_plane_A0.200.gpw
[2025-12-17 07:57:45] Running Ez=0.300 eV/Å
[2025-12-17 08:21:38] Saved Ez=0.300, gap=0.0000 eV to CSV and ../gpw/ab_gate_plane_A0.300.gpw
[2025-12-17 08:21:38] Running Ez=0.400 eV/Å
[2025-12-17 08:54:28] Saved Ez=0.400, gap=0.0000 eV to CSV and ../gpw/ab_gate_plane_A0.400.gpw
[2025-12-17 08:54:28] Running Ez=0.500 eV/Å
[2025-12-17 09:28:37] Saved Ez=0.500, gap=0.0000 eV to CSV and ../gpw/ab_gate_plane_A0.500.gpw
[2025-12-17 09:28:37] Running Ez=0.600 eV/Å
[2025-12-17 09:28:54] K-zoom NPZ already exists for Ez=0.000: ../gpw/ab_gate_plane_A0.000_bands_KZOOM.npz — skipping
[2025-12-17 09:28:54] K-zoom NPZ already exists for Ez=0.001: ../gpw/ab_gate_plane_A0.001_bands_KZOOM.npz — skipping
[2025-12-17 09:28:54] K-zoom NPZ already exists for Ez=0.002: ../gpw/ab_gate_plane_A0.002_bands_KZOOM.npz — skipping
[2025-12-17 09:28:54] K-zoom NPZ already exists for Ez=0.003: ../gpw/ab_gate_plane_A0.003_bands_KZOOM.npz — skipping
[2025-12-17 09:28:54] K-zoom NPZ already exists for Ez=0.004: ../gpw/ab_gate_plane_A0.004_bands_KZOOM.npz — skipping
[2025-12-17 09:28:54] K-zoom NPZ already exists for Ez=0.005: ../gpw/ab_gate_plane_A0.005_bands_KZOOM.npz — skipping
[2025-12-17 09:28:54] K-zoom NPZ already exists for Ez=0.006: ../gpw/ab_gate_plane_A0.006_bands_KZOOM.npz — skipping
[2025-12-17 09:28:54] K-zoom NPZ already exists for Ez=0.007: ../gpw/ab_gate_plane_A0.007_bands_KZOOM.npz — skipping
[2025-12-17 09:28:54] K-zoom NPZ already exists for Ez=0.008: ../gpw/ab_gate_plane_A0.008_bands_KZOOM.npz — skipping
[2025-12-17 09:28:54] K-zoom NPZ already exists for Ez=0.009: ../gpw/ab_gate_plane_A0.009_bands_KZOOM.npz — skipping
[2025-12-17 09:28:54] K-zoom NPZ already exists for Ez=0.010: ../gpw/ab_gate_plane_A0.010_bands_KZOOM.npz — skipping
[2025-12-17 09:28:54] K-zoom NPZ already exists for Ez=0.011: ../gpw/ab_gate_plane_A0.011_bands_KZOOM.npz — skipping
[2025-12-17 09:28:54] K-zoom NPZ already exists for Ez=0.012: ../gpw/ab_gate_plane_A0.012_bands_KZOOM.npz — skipping
[2025-12-17 09:28:54] K-zoom NPZ already exists for Ez=0.013: ../gpw/ab_gate_plane_A0.013_bands_KZOOM.npz — skipping
[2025-12-17 09:28:54] K-zoom NPZ already exists for Ez=0.014: ../gpw/ab_gate_plane_A0.014_bands_KZOOM.npz — skipping
[2025-12-17 09:28:54] K-zoom NPZ already exists for Ez=0.015: ../gpw/ab_gate_plane_A0.015_bands_KZOOM.npz — skipping
[2025-12-17 09:28:54] K-zoom NPZ already exists for Ez=0.016: ../gpw/ab_gate_plane_A0.016_bands_KZOOM.npz — skipping
[2025-12-17 09:28:54] K-zoom NPZ already exists for Ez=0.017: ../gpw/ab_gate_plane_A0.017_bands_KZOOM.npz — skipping
[2025-12-17 09:28:54] K-zoom NPZ already exists for Ez=0.018: ../gpw/ab_gate_plane_A0.018_bands_KZOOM.npz — skipping
[2025-12-17 09:28:54] K-zoom NPZ already exists for Ez=0.019: ../gpw/ab_gate_plane_A0.019_bands_KZOOM.npz — skipping
[2025-12-17 09:28:54] K-zoom NPZ already exists for Ez=0.020: ../gpw/ab_gate_plane_A0.020_bands_KZOOM.npz — skipping
[2025-12-17 09:28:54] K-zoom NPZ already exists for Ez=0.030: ../gpw/ab_gate_plane_A0.030_bands_KZOOM.npz — skipping
[2025-12-17 09:28:54] K-zoom NPZ already exists for Ez=0.040: ../gpw/ab_gate_plane_A0.040_bands_KZOOM.npz — skipping
[2025-12-17 09:28:54] K-zoom NPZ already exists for Ez=0.050: ../gpw/ab_gate_plane_A0.050_bands_KZOOM.npz — skipping
[2025-12-17 09:29:30] Saved K-zoom bands for Ez=0.060 to ../gpw/ab_gate_plane_A0.060_bands_KZOOM.npz
[2025-12-17 09:30:25] Saved K-zoom bands for Ez=0.070 to ../gpw/ab_gate_plane_A0.070_bands_KZOOM.npz
[2025-12-17 09:31:09] K-zoom NPZ already exists for Ez=0.000: ../gpw/ab_gate_plane_A0.000_bands_KZOOM.npz — skipping
[2025-12-17 09:31:09] K-zoom NPZ already exists for Ez=0.001: ../gpw/ab_gate_plane_A0.001_bands_KZOOM.npz — skipping
[2025-12-17 09:31:09] K-zoom NPZ already exists for Ez=0.002: ../gpw/ab_gate_plane_A0.002_bands_KZOOM.npz — skipping
[2025-12-17 09:31:09] K-zoom NPZ already exists for Ez=0.003: ../gpw/ab_gate_plane_A0.003_bands_KZOOM.npz — skipping
[2025-12-17 09:31:09] K-zoom NPZ already exists for Ez=0.004: ../gpw/ab_gate_plane_A0.004_bands_KZOOM.npz — skipping
[2025-12-17 09:31:09] K-zoom NPZ already exists for Ez=0.005: ../gpw/ab_gate_plane_A0.005_bands_KZOOM.npz — skipping
[2025-12-17 09:31:09] K-zoom NPZ already exists for Ez=0.006: ../gpw/ab_gate_plane_A0.006_bands_KZOOM.npz — skipping
[2025-12-17 09:31:09] K-zoom NPZ already exists for Ez=0.007: ../gpw/ab_gate_plane_A0.007_bands_KZOOM.npz — skipping
[2025-12-17 09:31:09] K-zoom NPZ already exists for Ez=0.008: ../gpw/ab_gate_plane_A0.008_bands_KZOOM.npz — skipping
[2025-12-17 09:31:09] K-zoom NPZ already exists for Ez=0.009: ../gpw/ab_gate_plane_A0.009_bands_KZOOM.npz — skipping
[2025-12-17 09:31:09] K-zoom NPZ already exists for Ez=0.010: ../gpw/ab_gate_plane_A0.010_bands_KZOOM.npz — skipping
[2025-12-17 09:31:09] K-zoom NPZ already exists for Ez=0.011: ../gpw/ab_gate_plane_A0.011_bands_KZOOM.npz — skipping
[2025-12-17 09:31:09] K-zoom NPZ already exists for Ez=0.012: ../gpw/ab_gate_plane_A0.012_bands_KZOOM.npz — skipping
[2025-12-17 09:31:09] K-zoom NPZ already exists for Ez=0.013: ../gpw/ab_gate_plane_A0.013_bands_KZOOM.npz — skipping
[2025-12-17 09:31:09] K-zoom NPZ already exists for Ez=0.014: ../gpw/ab_gate_plane_A0.014_bands_KZOOM.npz — skipping
[2025-12-17 09:31:09] K-zoom NPZ already exists for Ez=0.015: ../gpw/ab_gate_plane_A0.015_bands_KZOOM.npz — skipping
[2025-12-17 09:31:09] K-zoom NPZ already exists for Ez=0.016: ../gpw/ab_gate_plane_A0.016_bands_KZOOM.npz — skipping
[2025-12-17 09:31:09] K-zoom NPZ already exists for Ez=0.017: ../gpw/ab_gate_plane_A0.017_bands_KZOOM.npz — skipping
[2025-12-17 09:31:09] K-zoom NPZ already exists for Ez=0.018: ../gpw/ab_gate_plane_A0.018_bands_KZOOM.npz — skipping
[2025-12-17 09:31:09] K-zoom NPZ already exists for Ez=0.019: ../gpw/ab_gate_plane_A0.019_bands_KZOOM.npz — skipping
[2025-12-17 09:31:09] K-zoom NPZ already exists for Ez=0.020: ../gpw/ab_gate_plane_A0.020_bands_KZOOM.npz — skipping
[2025-12-17 09:31:27] Ez=0.000 -> gap=0.000036 eV
[2025-12-17 09:31:27] Ez=0.001 -> gap=0.141658 eV
[2025-12-17 09:31:27] Ez=0.002 -> gap=0.214046 eV
[2025-12-17 09:31:27] Ez=0.003 -> gap=0.258743 eV
[2025-12-17 09:31:27] Ez=0.004 -> gap=0.257285 eV
[2025-12-17 09:31:27] Ez=0.005 -> gap=0.281438 eV
[2025-12-17 09:31:27] Ez=0.006 -> gap=0.270422 eV
[2025-12-17 09:31:27] Ez=0.007 -> gap=0.267275 eV
[2025-12-17 09:31:27] Ez=0.008 -> gap=0.280257 eV
[2025-12-17 09:31:27] Ez=0.009 -> gap=0.278390 eV
[2025-12-17 09:31:27] Ez=0.010 -> gap=0.267196 eV
[2025-12-17 09:31:27] Ez=0.011 -> gap=0.273793 eV
[2025-12-17 09:31:27] Ez=0.012 -> gap=0.281630 eV
[2025-12-17 09:31:27] Ez=0.013 -> gap=0.264365 eV
[2025-12-17 09:31:27] Ez=0.014 -> gap=0.262372 eV
[2025-12-17 09:31:27] Ez=0.015 -> gap=0.273868 eV
[2025-12-17 09:31:27] Ez=0.016 -> gap=0.270888 eV
[2025-12-17 09:31:27] Ez=0.017 -> gap=0.256510 eV
[2025-12-17 09:31:27] Ez=0.018 -> gap=0.251745 eV
[2025-12-17 09:31:27] Ez=0.019 -> gap=0.254610 eV
[2025-12-17 09:31:27] Ez=0.020 -> gap=0.264320 eV
[2025-12-17 09:31:27] K-zoom NPZ missing for Ez=0.030 — skipping gap
[2025-12-17 09:31:27] K-zoom NPZ missing for Ez=0.040 — skipping gap
[2025-12-17 09:31:27] K-zoom NPZ missing for Ez=0.050 — skipping gap
[2025-12-17 09:31:27] Ez=0.060 -> gap=7.537424 eV
[2025-12-17 09:31:27] Ez=0.070 -> gap=7.455643 eV
[2025-12-17 09:31:27] K-zoom NPZ missing for Ez=0.080 — skipping gap
[2025-12-17 09:31:27] K-zoom NPZ missing for Ez=0.090 — skipping gap
[2025-12-17 09:31:27] K-zoom NPZ missing for Ez=0.100 — skipping gap
[2025-12-17 09:31:27] K-zoom NPZ missing for Ez=0.110 — skipping gap
[2025-12-17 09:31:27] K-zoom NPZ missing for Ez=0.120 — skipping gap
[2025-12-17 09:31:27] K-zoom NPZ missing for Ez=0.130 — skipping gap
[2025-12-17 09:31:27] K-zoom NPZ missing for Ez=0.140 — skipping gap
[2025-12-17 09:31:27] K-zoom NPZ missing for Ez=0.150 — skipping gap
[2025-12-17 09:31:27] K-zoom NPZ missing for Ez=0.160 — skipping gap
[2025-12-17 09:31:27] K-zoom NPZ missing for Ez=0.170 — skipping gap
[2025-12-17 09:31:27] K-zoom NPZ missing for Ez=0.180 — skipping gap
[2025-12-17 09:31:27] K-zoom NPZ missing for Ez=0.190 — skipping gap
[2025-12-17 09:31:27] K-zoom NPZ missing for Ez=0.200 — skipping gap
[2025-12-17 09:31:27] K-zoom NPZ missing for Ez=0.200 — skipping gap
[2025-12-17 09:31:27] K-zoom NPZ missing for Ez=0.300 — skipping gap
[2025-12-17 09:31:27] K-zoom NPZ missing for Ez=0.400 — skipping gap
[2025-12-17 09:31:27] K-zoom NPZ missing for Ez=0.500 — skipping gap
[2025-12-17 09:31:27] Saved band gaps to ../gpw/bandgaps_KZOOM.csv
[2025-12-17 09:37:53] Saved GIF to ../gpw/bands_KZOOM_vs_field.gif
[2025-12-17 09:39:24] Saved GIF to ../gpw/bands_KZOOM_vs_field.gif
[2025-12-17 09:43:54] K-zoom NPZ already exists for Ez=0.000: ../gpw/ab_gate_plane_A0.000_bands_KZOOM.npz — skipping
[2025-12-17 09:43:54] K-zoom NPZ already exists for Ez=0.001: ../gpw/ab_gate_plane_A0.001_bands_KZOOM.npz — skipping
[2025-12-17 09:43:54] K-zoom NPZ already exists for Ez=0.002: ../gpw/ab_gate_plane_A0.002_bands_KZOOM.npz — skipping
[2025-12-17 09:43:54] K-zoom NPZ already exists for Ez=0.003: ../gpw/ab_gate_plane_A0.003_bands_KZOOM.npz — skipping
[2025-12-17 09:43:54] K-zoom NPZ already exists for Ez=0.004: ../gpw/ab_gate_plane_A0.004_bands_KZOOM.npz — skipping
[2025-12-17 09:43:54] K-zoom NPZ already exists for Ez=0.005: ../gpw/ab_gate_plane_A0.005_bands_KZOOM.npz — skipping
[2025-12-17 09:43:54] K-zoom NPZ already exists for Ez=0.006: ../gpw/ab_gate_plane_A0.006_bands_KZOOM.npz — skipping
[2025-12-17 09:43:54] K-zoom NPZ already exists for Ez=0.007: ../gpw/ab_gate_plane_A0.007_bands_KZOOM.npz — skipping
[2025-12-17 09:43:54] K-zoom NPZ already exists for Ez=0.008: ../gpw/ab_gate_plane_A0.008_bands_KZOOM.npz — skipping
[2025-12-17 09:43:54] K-zoom NPZ already exists for Ez=0.009: ../gpw/ab_gate_plane_A0.009_bands_KZOOM.npz — skipping
[2025-12-17 09:43:54] K-zoom NPZ already exists for Ez=0.010: ../gpw/ab_gate_plane_A0.010_bands_KZOOM.npz — skipping
[2025-12-17 09:43:54] K-zoom NPZ already exists for Ez=0.011: ../gpw/ab_gate_plane_A0.011_bands_KZOOM.npz — skipping
[2025-12-17 09:43:54] K-zoom NPZ already exists for Ez=0.012: ../gpw/ab_gate_plane_A0.012_bands_KZOOM.npz — skipping
[2025-12-17 09:43:54] K-zoom NPZ already exists for Ez=0.013: ../gpw/ab_gate_plane_A0.013_bands_KZOOM.npz — skipping
[2025-12-17 09:43:54] K-zoom NPZ already exists for Ez=0.014: ../gpw/ab_gate_plane_A0.014_bands_KZOOM.npz — skipping
[2025-12-17 09:43:54] K-zoom NPZ already exists for Ez=0.015: ../gpw/ab_gate_plane_A0.015_bands_KZOOM.npz — skipping
[2025-12-17 09:43:54] K-zoom NPZ already exists for Ez=0.016: ../gpw/ab_gate_plane_A0.016_bands_KZOOM.npz — skipping
[2025-12-17 09:43:54] K-zoom NPZ already exists for Ez=0.017: ../gpw/ab_gate_plane_A0.017_bands_KZOOM.npz — skipping
[2025-12-17 09:43:54] K-zoom NPZ already exists for Ez=0.018: ../gpw/ab_gate_plane_A0.018_bands_KZOOM.npz — skipping
[2025-12-17 09:43:54] K-zoom NPZ already exists for Ez=0.019: ../gpw/ab_gate_plane_A0.019_bands_KZOOM.npz — skipping
[2025-12-17 09:43:54] K-zoom NPZ already exists for Ez=0.020: ../gpw/ab_gate_plane_A0.020_bands_KZOOM.npz — skipping
[2025-12-17 09:44:21] Saved K-zoom bands for Ez=0.030 to ../gpw/ab_gate_plane_A0.030_bands_KZOOM.npz
[2025-12-17 09:44:50] Saved K-zoom bands for Ez=0.040 to ../gpw/ab_gate_plane_A0.040_bands_KZOOM.npz
[2025-12-17 09:45:19] Saved K-zoom bands for Ez=0.050 to ../gpw/ab_gate_plane_A0.050_bands_KZOOM.npz
[2025-12-17 09:45:19] K-zoom NPZ already exists for Ez=0.060: ../gpw/ab_gate_plane_A0.060_bands_KZOOM.npz — skipping
[2025-12-17 09:45:19] K-zoom NPZ already exists for Ez=0.070: ../gpw/ab_gate_plane_A0.070_bands_KZOOM.npz — skipping
[2025-12-17 09:45:55] Saved K-zoom bands for Ez=0.080 to ../gpw/ab_gate_plane_A0.080_bands_KZOOM.npz
[2025-12-17 09:46:36] Saved K-zoom bands for Ez=0.090 to ../gpw/ab_gate_plane_A0.090_bands_KZOOM.npz
[2025-12-17 09:47:19] Saved K-zoom bands for Ez=0.100 to ../gpw/ab_gate_plane_A0.100_bands_KZOOM.npz
[2025-12-17 09:48:01] Saved K-zoom bands for Ez=0.110 to ../gpw/ab_gate_plane_A0.110_bands_KZOOM.npz
[2025-12-17 09:48:49] Saved K-zoom bands for Ez=0.120 to ../gpw/ab_gate_plane_A0.120_bands_KZOOM.npz
[2025-12-17 09:49:47] Saved K-zoom bands for Ez=0.130 to ../gpw/ab_gate_plane_A0.130_bands_KZOOM.npz
[2025-12-17 09:50:56] Saved K-zoom bands for Ez=0.140 to ../gpw/ab_gate_plane_A0.140_bands_KZOOM.npz
[2025-12-17 09:52:06] Saved K-zoom bands for Ez=0.150 to ../gpw/ab_gate_plane_A0.150_bands_KZOOM.npz
[2025-12-17 09:53:22] Saved K-zoom bands for Ez=0.160 to ../gpw/ab_gate_plane_A0.160_bands_KZOOM.npz
[2025-12-17 09:54:39] Saved K-zoom bands for Ez=0.170 to ../gpw/ab_gate_plane_A0.170_bands_KZOOM.npz
[2025-12-17 09:55:55] Saved K-zoom bands for Ez=0.180 to ../gpw/ab_gate_plane_A0.180_bands_KZOOM.npz
[2025-12-17 09:57:16] Saved K-zoom bands for Ez=0.190 to ../gpw/ab_gate_plane_A0.190_bands_KZOOM.npz
[2025-12-17 09:58:44] Saved K-zoom bands for Ez=0.200 to ../gpw/ab_gate_plane_A0.200_bands_KZOOM.npz
[2025-12-17 09:58:44] K-zoom NPZ already exists for Ez=0.200: ../gpw/ab_gate_plane_A0.200_bands_KZOOM.npz — skipping
[2025-12-17 10:00:27] Saved K-zoom bands for Ez=0.300 to ../gpw/ab_gate_plane_A0.300_bands_KZOOM.npz
[2025-12-17 10:02:41] Saved K-zoom bands for Ez=0.400 to ../gpw/ab_gate_plane_A0.400_bands_KZOOM.npz
[2025-12-17 10:05:20] Saved K-zoom bands for Ez=0.500 to ../gpw/ab_gate_plane_A0.500_bands_KZOOM.npz
[2025-12-17 11:35:33] Ez=0.000 -> gap=0.000036 eV
[2025-12-17 11:35:33] Ez=0.001 -> gap=0.141658 eV
[2025-12-17 11:35:33] Ez=0.002 -> gap=0.214046 eV
[2025-12-17 11:35:33] Ez=0.003 -> gap=0.258743 eV
[2025-12-17 11:35:33] Ez=0.004 -> gap=0.257285 eV
[2025-12-17 11:35:33] Ez=0.005 -> gap=0.281438 eV
[2025-12-17 11:35:33] Ez=0.006 -> gap=0.270422 eV
[2025-12-17 11:35:33] Ez=0.007 -> gap=0.267275 eV
[2025-12-17 11:35:33] Ez=0.008 -> gap=0.280257 eV
[2025-12-17 11:35:33] Ez=0.009 -> gap=0.278390 eV
[2025-12-17 11:35:33] Ez=0.010 -> gap=0.267196 eV
[2025-12-17 11:35:33] Ez=0.011 -> gap=0.273793 eV
[2025-12-17 11:35:33] Ez=0.012 -> gap=0.281630 eV
[2025-12-17 11:35:33] Ez=0.013 -> gap=0.264365 eV
[2025-12-17 11:35:33] Ez=0.014 -> gap=0.262372 eV
[2025-12-17 11:35:33] Ez=0.015 -> gap=0.273868 eV
[2025-12-17 11:35:33] Ez=0.016 -> gap=0.270888 eV
[2025-12-17 11:35:33] Ez=0.017 -> gap=0.256510 eV
[2025-12-17 11:35:33] Ez=0.018 -> gap=0.251745 eV
[2025-12-17 11:35:33] Ez=0.019 -> gap=0.254610 eV
[2025-12-17 11:35:33] Ez=0.020 -> gap=0.264320 eV
[2025-12-17 11:35:33] Ez=0.030 -> gap=0.000000 eV
[2025-12-17 11:35:33] Ez=0.040 -> gap=7.554165 eV
[2025-12-17 11:35:34] Ez=0.050 -> gap=7.606758 eV
[2025-12-17 11:35:34] Ez=0.060 -> gap=7.537424 eV
[2025-12-17 11:35:34] Ez=0.070 -> gap=7.455643 eV
[2025-12-17 11:35:34] Ez=0.080 -> gap=7.459366 eV
[2025-12-17 11:35:34] Ez=0.090 -> gap=7.132647 eV
[2025-12-17 11:35:34] Ez=0.100 -> gap=6.628870 eV
[2025-12-17 11:35:34] Ez=0.110 -> gap=5.962137 eV
[2025-12-17 11:35:34] Ez=0.120 -> gap=5.514870 eV
[2025-12-17 11:35:34] Ez=0.130 -> gap=4.668971 eV
[2025-12-17 11:35:34] Ez=0.140 -> gap=3.877807 eV
[2025-12-17 11:35:34] Ez=0.150 -> gap=3.363392 eV
[2025-12-17 11:35:34] Ez=0.160 -> gap=2.596638 eV
[2025-12-17 11:35:34] Ez=0.170 -> gap=0.000000 eV
[2025-12-17 11:35:34] Ez=0.180 -> gap=0.000000 eV
[2025-12-17 11:35:34] Ez=0.190 -> gap=0.000000 eV
[2025-12-17 11:35:34] Ez=0.200 -> gap=0.000000 eV
[2025-12-17 11:35:34] Ez=0.200 -> gap=0.000000 eV
[2025-12-17 11:35:34] Ez=0.300 -> gap=4.547623 eV
[2025-12-17 11:35:34] Ez=0.400 -> gap=4.439322 eV
[2025-12-17 11:35:34] Ez=0.500 -> gap=3.957352 eV
[2025-12-17 11:35:34] Saved band gaps to ../gpw/bandgaps_KZOOM.csv
[2025-12-17 11:35:51] Ez=0.000 -> gap=0.000036 eV
[2025-12-17 11:35:51] Ez=0.001 -> gap=0.141658 eV
[2025-12-17 11:35:51] Ez=0.002 -> gap=0.214046 eV
[2025-12-17 11:35:51] Ez=0.003 -> gap=0.258743 eV
[2025-12-17 11:35:51] Ez=0.004 -> gap=0.257285 eV
[2025-12-17 11:35:51] Ez=0.005 -> gap=0.281438 eV
[2025-12-17 11:35:51] Ez=0.006 -> gap=0.270422 eV
[2025-12-17 11:35:51] Ez=0.007 -> gap=0.267275 eV
[2025-12-17 11:35:51] Ez=0.008 -> gap=0.280257 eV
[2025-12-17 11:35:51] Ez=0.009 -> gap=0.278390 eV
[2025-12-17 11:35:51] Ez=0.010 -> gap=0.267196 eV
[2025-12-17 11:35:51] Ez=0.011 -> gap=0.273793 eV
[2025-12-17 11:35:51] Ez=0.012 -> gap=0.281630 eV
[2025-12-17 11:35:51] Ez=0.013 -> gap=0.264365 eV
[2025-12-17 11:35:51] Ez=0.014 -> gap=0.262372 eV
[2025-12-17 11:35:51] Ez=0.015 -> gap=0.273868 eV
[2025-12-17 11:35:52] Ez=0.016 -> gap=0.270888 eV
[2025-12-17 11:35:52] Ez=0.017 -> gap=0.256510 eV
[2025-12-17 11:35:52] Ez=0.018 -> gap=0.251745 eV
[2025-12-17 11:35:52] Ez=0.019 -> gap=0.254610 eV
[2025-12-17 11:35:52] Ez=0.020 -> gap=0.264320 eV
[2025-12-17 11:35:52] Ez=0.030 -> gap=0.000000 eV
[2025-12-17 11:35:52] Ez=0.040 -> gap=7.554165 eV
[2025-12-17 11:35:52] Ez=0.050 -> gap=7.606758 eV
[2025-12-17 11:35:52] Ez=0.060 -> gap=7.537424 eV
[2025-12-17 11:35:52] Ez=0.070 -> gap=7.455643 eV
[2025-12-17 11:35:52] Ez=0.080 -> gap=7.459366 eV
[2025-12-17 11:35:52] Ez=0.090 -> gap=7.132647 eV
[2025-12-17 11:35:52] Ez=0.100 -> gap=6.628870 eV
[2025-12-17 11:35:52] Ez=0.110 -> gap=5.962137 eV
[2025-12-17 11:35:52] Ez=0.120 -> gap=5.514870 eV
[2025-12-17 11:35:52] Ez=0.130 -> gap=4.668971 eV
[2025-12-17 11:35:52] Ez=0.140 -> gap=3.877807 eV
[2025-12-17 11:35:52] Ez=0.150 -> gap=3.363392 eV
[2025-12-17 11:35:52] Ez=0.160 -> gap=2.596638 eV
[2025-12-17 11:35:52] Ez=0.170 -> gap=0.000000 eV
[2025-12-17 11:35:52] Ez=0.180 -> gap=0.000000 eV
[2025-12-17 11:35:52] Ez=0.190 -> gap=0.000000 eV
[2025-12-17 11:35:52] Ez=0.200 -> gap=0.000000 eV
[2025-12-17 11:35:52] Ez=0.200 -> gap=0.000000 eV
[2025-12-17 11:35:52] Ez=0.300 -> gap=4.547623 eV
[2025-12-17 11:35:52] Ez=0.400 -> gap=4.439322 eV
[2025-12-17 11:35:52] Ez=0.500 -> gap=3.957352 eV
[2025-12-17 11:35:52] Saved band gaps to ../gpw/bandgaps_KZOOM.csv
[2025-12-17 11:38:18] Ez=0.000 -> gap=0.000036 eV
[2025-12-17 11:38:18] Ez=0.001 -> gap=0.141658 eV
[2025-12-17 11:38:18] Ez=0.002 -> gap=0.214046 eV
[2025-12-17 11:38:18] Ez=0.003 -> gap=0.258743 eV
[2025-12-17 11:38:18] Ez=0.004 -> gap=0.257285 eV
[2025-12-17 11:38:18] Ez=0.005 -> gap=0.281438 eV
[2025-12-17 11:38:18] Ez=0.006 -> gap=0.270422 eV
[2025-12-17 11:38:18] Ez=0.007 -> gap=0.267275 eV
[2025-12-17 11:38:19] Ez=0.008 -> gap=0.280257 eV
[2025-12-17 11:38:19] Ez=0.009 -> gap=0.278390 eV
[2025-12-17 11:38:19] Ez=0.010 -> gap=0.267196 eV
[2025-12-17 11:38:19] Ez=0.011 -> gap=0.273793 eV
[2025-12-17 11:38:19] Ez=0.012 -> gap=0.281630 eV
[2025-12-17 11:38:19] Ez=0.013 -> gap=0.264365 eV
[2025-12-17 11:38:19] Ez=0.014 -> gap=0.262372 eV
[2025-12-17 11:38:19] Ez=0.015 -> gap=0.273868 eV
[2025-12-17 11:38:19] Ez=0.016 -> gap=0.270888 eV
[2025-12-17 11:38:19] Ez=0.017 -> gap=0.256510 eV
[2025-12-17 11:38:19] Ez=0.018 -> gap=0.251745 eV
[2025-12-17 11:38:19] Ez=0.019 -> gap=0.254610 eV
[2025-12-17 11:38:19] Ez=0.020 -> gap=0.264320 eV
[2025-12-17 11:38:19] Ez=0.030 -> gap=0.000000 eV
[2025-12-17 11:38:19] Ez=0.040 -> gap=7.554165 eV
[2025-12-17 11:38:19] Ez=0.050 -> gap=7.606758 eV
[2025-12-17 11:38:19] Ez=0.060 -> gap=7.537424 eV
[2025-12-17 11:38:19] Ez=0.070 -> gap=7.455643 eV
[2025-12-17 11:38:19] Ez=0.080 -> gap=7.459366 eV
[2025-12-17 11:38:19] Ez=0.090 -> gap=7.132647 eV
[2025-12-17 11:38:19] Ez=0.100 -> gap=6.628870 eV
[2025-12-17 11:38:19] Ez=0.110 -> gap=5.962137 eV
[2025-12-17 11:38:19] Ez=0.120 -> gap=5.514870 eV
[2025-12-17 11:38:19] Ez=0.130 -> gap=4.668971 eV
[2025-12-17 11:38:19] Ez=0.140 -> gap=3.877807 eV
[2025-12-17 11:38:19] Ez=0.150 -> gap=3.363392 eV
[2025-12-17 11:38:19] Ez=0.160 -> gap=2.596638 eV
[2025-12-17 11:38:19] Ez=0.170 -> gap=0.000000 eV
[2025-12-17 11:38:19] Ez=0.180 -> gap=0.000000 eV
[2025-12-17 11:38:19] Ez=0.190 -> gap=0.000000 eV
[2025-12-17 11:38:19] Ez=0.200 -> gap=0.000000 eV
[2025-12-17 11:38:19] Ez=0.200 -> gap=0.000000 eV
[2025-12-17 11:38:19] Ez=0.300 -> gap=4.547623 eV
[2025-12-17 11:38:19] Ez=0.400 -> gap=4.439322 eV
[2025-12-17 11:38:19] Ez=0.500 -> gap=3.957352 eV
[2025-12-17 11:38:19] Saved band gaps to ../gpw/bandgaps_KZOOM.csv
[2025-12-17 11:38:40] Ez=0.000 -> gap=0.000036 eV
[2025-12-17 11:38:40] Ez=0.001 -> gap=0.141658 eV
[2025-12-17 11:38:40] Ez=0.002 -> gap=0.214046 eV
[2025-12-17 11:38:40] Ez=0.003 -> gap=0.258743 eV
[2025-12-17 11:38:40] Ez=0.004 -> gap=0.257285 eV
[2025-12-17 11:38:40] Ez=0.005 -> gap=0.281438 eV
[2025-12-17 11:38:41] Ez=0.006 -> gap=0.270422 eV
[2025-12-17 11:38:41] Ez=0.007 -> gap=0.267275 eV
[2025-12-17 11:38:41] Ez=0.008 -> gap=0.280257 eV
[2025-12-17 11:38:41] Ez=0.009 -> gap=0.278390 eV
[2025-12-17 11:38:41] Ez=0.010 -> gap=0.267196 eV
[2025-12-17 11:38:41] Ez=0.011 -> gap=0.273793 eV
[2025-12-17 11:38:41] Ez=0.012 -> gap=0.281630 eV
[2025-12-17 11:38:42] Ez=0.013 -> gap=0.264365 eV
[2025-12-17 11:38:42] Ez=0.014 -> gap=0.262372 eV
[2025-12-17 11:38:42] Ez=0.015 -> gap=0.273868 eV
[2025-12-17 11:38:42] Ez=0.016 -> gap=0.270888 eV
[2025-12-17 11:38:42] Ez=0.017 -> gap=0.256510 eV
[2025-12-17 11:38:42] Ez=0.018 -> gap=0.251745 eV
[2025-12-17 11:38:42] Ez=0.019 -> gap=0.254610 eV
[2025-12-17 11:38:43] Ez=0.020 -> gap=0.264320 eV
[2025-12-17 11:38:43] Ez=0.030 -> gap=0.000000 eV
[2025-12-17 11:38:43] Ez=0.040 -> gap=7.554165 eV
[2025-12-17 11:38:43] Ez=0.050 -> gap=7.606758 eV
[2025-12-17 11:38:43] Ez=0.060 -> gap=7.537424 eV
[2025-12-17 11:38:43] Ez=0.070 -> gap=7.455643 eV
[2025-12-17 11:38:43] Ez=0.080 -> gap=7.459366 eV
[2025-12-17 11:38:44] Ez=0.090 -> gap=7.132647 eV
[2025-12-17 11:38:44] Ez=0.100 -> gap=6.628870 eV
[2025-12-17 11:38:44] Ez=0.110 -> gap=5.962137 eV
[2025-12-17 11:38:44] Ez=0.120 -> gap=5.514870 eV
[2025-12-17 11:38:44] Ez=0.130 -> gap=4.668971 eV
[2025-12-17 11:38:44] Ez=0.140 -> gap=3.877807 eV
[2025-12-17 11:38:45] Ez=0.150 -> gap=3.363392 eV
[2025-12-17 11:38:45] Ez=0.160 -> gap=2.596638 eV
[2025-12-17 11:38:45] Ez=0.170 -> gap=0.000000 eV
[2025-12-17 11:38:45] Ez=0.180 -> gap=0.000000 eV
[2025-12-17 11:38:45] Ez=0.190 -> gap=0.000000 eV
[2025-12-17 11:38:45] Ez=0.200 -> gap=0.000000 eV
[2025-12-17 11:38:46] Ez=0.200 -> gap=0.000000 eV
[2025-12-17 11:38:46] Ez=0.300 -> gap=4.547623 eV
[2025-12-17 11:38:46] Ez=0.400 -> gap=4.439322 eV
[2025-12-17 11:38:46] Ez=0.500 -> gap=3.957352 eV
[2025-12-17 11:38:46] Saved band gaps to ../gpw/bandgaps_KZOOM.csv
[2025-12-17 11:39:39] Ez=0.000 -> gap=0.000036 eV
[2025-12-17 11:39:40] Ez=0.001 -> gap=0.141658 eV
[2025-12-17 11:39:40] Ez=0.002 -> gap=0.214046 eV
[2025-12-17 11:39:40] Ez=0.003 -> gap=0.258743 eV
[2025-12-17 11:39:40] Ez=0.004 -> gap=0.257285 eV
[2025-12-17 11:39:40] Ez=0.005 -> gap=0.281438 eV
[2025-12-17 11:39:40] Ez=0.006 -> gap=0.270422 eV
[2025-12-17 11:39:40] Ez=0.007 -> gap=0.267275 eV
[2025-12-17 11:39:41] Ez=0.008 -> gap=0.280257 eV
[2025-12-17 11:39:41] Ez=0.009 -> gap=0.278390 eV
[2025-12-17 11:39:41] Ez=0.010 -> gap=0.267196 eV
[2025-12-17 11:39:41] Ez=0.011 -> gap=0.273793 eV
[2025-12-17 11:39:41] Ez=0.012 -> gap=0.281630 eV
[2025-12-17 11:39:42] Ez=0.013 -> gap=0.264365 eV
[2025-12-17 11:39:42] Ez=0.014 -> gap=0.262372 eV
[2025-12-17 11:39:42] Ez=0.015 -> gap=0.273868 eV
[2025-12-17 11:39:42] Ez=0.016 -> gap=0.270888 eV
[2025-12-17 11:39:42] Ez=0.017 -> gap=0.256510 eV
[2025-12-17 11:39:42] Ez=0.018 -> gap=0.251745 eV
[2025-12-17 11:39:43] Ez=0.019 -> gap=0.254610 eV
[2025-12-17 11:39:43] Ez=0.020 -> gap=0.264320 eV
[2025-12-17 11:39:43] Ez=0.030 -> gap=0.000000 eV
[2025-12-17 11:39:43] Ez=0.040 -> gap=7.554165 eV
[2025-12-17 11:39:43] Ez=0.050 -> gap=7.606758 eV
[2025-12-17 11:39:43] Ez=0.060 -> gap=7.537424 eV
[2025-12-17 11:39:43] Ez=0.070 -> gap=7.455643 eV
[2025-12-17 11:39:43] Ez=0.080 -> gap=7.459366 eV
[2025-12-17 11:39:44] Ez=0.090 -> gap=7.132647 eV
[2025-12-17 11:39:44] Ez=0.100 -> gap=6.628870 eV
[2025-12-17 11:39:44] Ez=0.110 -> gap=5.962137 eV
[2025-12-17 11:39:44] Ez=0.120 -> gap=5.514870 eV
[2025-12-17 11:39:44] Ez=0.130 -> gap=4.668971 eV
[2025-12-17 11:39:44] Ez=0.140 -> gap=3.877807 eV
[2025-12-17 11:39:44] Ez=0.150 -> gap=3.363392 eV
[2025-12-17 11:39:44] Ez=0.160 -> gap=2.596638 eV
[2025-12-17 11:39:45] Ez=0.170 -> gap=0.000000 eV
[2025-12-17 11:39:45] Ez=0.180 -> gap=0.000000 eV
[2025-12-17 11:39:45] Ez=0.190 -> gap=0.000000 eV
[2025-12-17 11:39:45] Ez=0.200 -> gap=0.000000 eV
[2025-12-17 11:39:45] Ez=0.200 -> gap=0.000000 eV
[2025-12-17 11:39:45] Ez=0.300 -> gap=4.547623 eV
[2025-12-17 11:39:45] Ez=0.400 -> gap=4.439322 eV
[2025-12-17 11:39:46] Ez=0.500 -> gap=3.957352 eV
[2025-12-17 11:39:46] Saved band gaps to ../gpw/bandgaps_KZOOM.csv
[2025-12-17 12:02:01] Saved GIF to ../gpw/bands_KZOOM_vs_field.gif
[2025-12-17 12:02:50] Saved GIF to ../gpw/bands_KZOOM_vs_field.gif
[2026-01-03 12:48:33] K-zoom NPZ already exists for Ez=0.000: ../gpw/ab_gate_plane_A0.000_bands_KZOOM.npz — skipping
[2026-01-03 12:48:33] K-zoom NPZ already exists for Ez=0.001: ../gpw/ab_gate_plane_A0.001_bands_KZOOM.npz — skipping
[2026-01-03 12:48:33] K-zoom NPZ already exists for Ez=0.002: ../gpw/ab_gate_plane_A0.002_bands_KZOOM.npz — skipping
[2026-01-03 12:48:33] K-zoom NPZ already exists for Ez=0.003: ../gpw/ab_gate_plane_A0.003_bands_KZOOM.npz — skipping
[2026-01-03 12:48:33] K-zoom NPZ already exists for Ez=0.004: ../gpw/ab_gate_plane_A0.004_bands_KZOOM.npz — skipping
[2026-01-03 12:48:33] K-zoom NPZ already exists for Ez=0.005: ../gpw/ab_gate_plane_A0.005_bands_KZOOM.npz — skipping
[2026-01-03 12:48:33] K-zoom NPZ already exists for Ez=0.006: ../gpw/ab_gate_plane_A0.006_bands_KZOOM.npz — skipping
[2026-01-03 12:48:33] K-zoom NPZ already exists for Ez=0.007: ../gpw/ab_gate_plane_A0.007_bands_KZOOM.npz — skipping
[2026-01-03 12:48:33] K-zoom NPZ already exists for Ez=0.008: ../gpw/ab_gate_plane_A0.008_bands_KZOOM.npz — skipping
[2026-01-03 12:48:33] K-zoom NPZ already exists for Ez=0.009: ../gpw/ab_gate_plane_A0.009_bands_KZOOM.npz — skipping
[2026-01-03 12:48:33] K-zoom NPZ already exists for Ez=0.010: ../gpw/ab_gate_plane_A0.010_bands_KZOOM.npz — skipping
[2026-01-03 12:48:33] K-zoom NPZ already exists for Ez=0.011: ../gpw/ab_gate_plane_A0.011_bands_KZOOM.npz — skipping
[2026-01-03 12:48:34] K-zoom NPZ already exists for Ez=0.012: ../gpw/ab_gate_plane_A0.012_bands_KZOOM.npz — skipping
[2026-01-03 12:48:34] K-zoom NPZ already exists for Ez=0.013: ../gpw/ab_gate_plane_A0.013_bands_KZOOM.npz — skipping
[2026-01-03 12:48:34] K-zoom NPZ already exists for Ez=0.014: ../gpw/ab_gate_plane_A0.014_bands_KZOOM.npz — skipping
[2026-01-03 12:48:34] K-zoom NPZ already exists for Ez=0.015: ../gpw/ab_gate_plane_A0.015_bands_KZOOM.npz — skipping
[2026-01-03 12:48:34] K-zoom NPZ already exists for Ez=0.016: ../gpw/ab_gate_plane_A0.016_bands_KZOOM.npz — skipping
[2026-01-03 12:48:34] K-zoom NPZ already exists for Ez=0.017: ../gpw/ab_gate_plane_A0.017_bands_KZOOM.npz — skipping
[2026-01-03 12:48:34] K-zoom NPZ already exists for Ez=0.018: ../gpw/ab_gate_plane_A0.018_bands_KZOOM.npz — skipping
[2026-01-03 12:48:34] K-zoom NPZ already exists for Ez=0.019: ../gpw/ab_gate_plane_A0.019_bands_KZOOM.npz — skipping
[2026-01-03 12:48:34] K-zoom NPZ already exists for Ez=0.020: ../gpw/ab_gate_plane_A0.020_bands_KZOOM.npz — skipping
[2026-01-03 12:48:34] K-zoom NPZ already exists for Ez=0.030: ../gpw/ab_gate_plane_A0.030_bands_KZOOM.npz — skipping
[2026-01-03 12:48:34] K-zoom NPZ already exists for Ez=0.040: ../gpw/ab_gate_plane_A0.040_bands_KZOOM.npz — skipping
[2026-01-03 12:48:34] K-zoom NPZ already exists for Ez=0.050: ../gpw/ab_gate_plane_A0.050_bands_KZOOM.npz — skipping
[2026-01-03 12:48:34] K-zoom NPZ already exists for Ez=0.060: ../gpw/ab_gate_plane_A0.060_bands_KZOOM.npz — skipping
[2026-01-03 12:48:34] K-zoom NPZ already exists for Ez=0.070: ../gpw/ab_gate_plane_A0.070_bands_KZOOM.npz — skipping
[2026-01-03 12:48:34] K-zoom NPZ already exists for Ez=0.080: ../gpw/ab_gate_plane_A0.080_bands_KZOOM.npz — skipping
[2026-01-03 12:48:34] K-zoom NPZ already exists for Ez=0.090: ../gpw/ab_gate_plane_A0.090_bands_KZOOM.npz — skipping
[2026-01-03 12:48:34] K-zoom NPZ already exists for Ez=0.100: ../gpw/ab_gate_plane_A0.100_bands_KZOOM.npz — skipping
[2026-01-03 12:48:34] K-zoom NPZ already exists for Ez=0.110: ../gpw/ab_gate_plane_A0.110_bands_KZOOM.npz — skipping
[2026-01-03 12:48:34] K-zoom NPZ already exists for Ez=0.120: ../gpw/ab_gate_plane_A0.120_bands_KZOOM.npz — skipping
[2026-01-03 12:48:34] K-zoom NPZ already exists for Ez=0.130: ../gpw/ab_gate_plane_A0.130_bands_KZOOM.npz — skipping
[2026-01-03 12:48:34] K-zoom NPZ already exists for Ez=0.140: ../gpw/ab_gate_plane_A0.140_bands_KZOOM.npz — skipping
[2026-01-03 12:48:34] K-zoom NPZ already exists for Ez=0.150: ../gpw/ab_gate_plane_A0.150_bands_KZOOM.npz — skipping
[2026-01-03 12:48:34] K-zoom NPZ already exists for Ez=0.160: ../gpw/ab_gate_plane_A0.160_bands_KZOOM.npz — skipping
[2026-01-03 12:48:34] K-zoom NPZ already exists for Ez=0.170: ../gpw/ab_gate_plane_A0.170_bands_KZOOM.npz — skipping
[2026-01-03 12:48:34] K-zoom NPZ already exists for Ez=0.180: ../gpw/ab_gate_plane_A0.180_bands_KZOOM.npz — skipping
[2026-01-03 12:48:34] K-zoom NPZ already exists for Ez=0.190: ../gpw/ab_gate_plane_A0.190_bands_KZOOM.npz — skipping
[2026-01-03 12:48:34] K-zoom NPZ already exists for Ez=0.200: ../gpw/ab_gate_plane_A0.200_bands_KZOOM.npz — skipping
[2026-01-03 12:48:34] K-zoom NPZ already exists for Ez=0.200: ../gpw/ab_gate_plane_A0.200_bands_KZOOM.npz — skipping
[2026-01-03 12:48:34] K-zoom NPZ already exists for Ez=0.300: ../gpw/ab_gate_plane_A0.300_bands_KZOOM.npz — skipping
[2026-01-03 12:48:34] K-zoom NPZ already exists for Ez=0.400: ../gpw/ab_gate_plane_A0.400_bands_KZOOM.npz — skipping
[2026-01-03 12:48:34] K-zoom NPZ already exists for Ez=0.500: ../gpw/ab_gate_plane_A0.500_bands_KZOOM.npz — skipping
[2026-01-03 12:49:14] Ez=0.000 -> gap=0.000036 eV
[2026-01-03 12:49:14] Ez=0.001 -> gap=0.141658 eV
[2026-01-03 12:49:15] Ez=0.002 -> gap=0.214046 eV
[2026-01-03 12:49:15] Ez=0.003 -> gap=0.258743 eV
[2026-01-03 12:49:15] Ez=0.004 -> gap=0.257285 eV
[2026-01-03 12:49:15] Ez=0.005 -> gap=0.281438 eV
[2026-01-03 12:49:16] Ez=0.006 -> gap=0.270422 eV
[2026-01-03 12:49:16] Ez=0.007 -> gap=0.267275 eV
[2026-01-03 12:49:16] Ez=0.008 -> gap=0.280257 eV
[2026-01-03 12:49:16] Ez=0.009 -> gap=0.278390 eV
[2026-01-03 12:49:17] Ez=0.010 -> gap=0.267196 eV
[2026-01-03 12:49:17] Ez=0.011 -> gap=0.273793 eV
[2026-01-03 12:49:17] Ez=0.012 -> gap=0.281630 eV
[2026-01-03 12:49:17] Ez=0.013 -> gap=0.264365 eV
[2026-01-03 12:49:18] Ez=0.014 -> gap=0.262372 eV
[2026-01-03 12:49:18] Ez=0.015 -> gap=0.273868 eV
[2026-01-03 12:49:18] Ez=0.016 -> gap=0.270888 eV
[2026-01-03 12:49:19] Ez=0.017 -> gap=0.256510 eV
[2026-01-03 12:49:19] Ez=0.018 -> gap=0.251745 eV
[2026-01-03 12:49:19] Ez=0.019 -> gap=0.254610 eV
[2026-01-03 12:49:20] Ez=0.020 -> gap=0.264320 eV
[2026-01-03 12:49:20] Ez=0.030 -> gap=0.000000 eV
[2026-01-03 12:49:20] Ez=0.040 -> gap=7.554165 eV
[2026-01-03 12:49:20] Ez=0.050 -> gap=7.606758 eV
[2026-01-03 12:49:20] Ez=0.060 -> gap=7.537424 eV
[2026-01-03 12:49:21] Ez=0.070 -> gap=7.455643 eV
[2026-01-03 12:49:21] Ez=0.080 -> gap=7.459366 eV
[2026-01-03 12:49:21] Ez=0.090 -> gap=7.132647 eV
[2026-01-03 12:49:22] Ez=0.100 -> gap=6.628870 eV
[2026-01-03 12:49:22] Ez=0.110 -> gap=5.962137 eV
[2026-01-03 12:49:22] Ez=0.120 -> gap=5.514870 eV
[2026-01-03 12:49:22] Ez=0.130 -> gap=4.668971 eV
[2026-01-03 12:49:23] Ez=0.140 -> gap=3.877807 eV
[2026-01-03 12:49:23] Ez=0.150 -> gap=3.363392 eV
[2026-01-03 12:49:23] Ez=0.160 -> gap=2.596638 eV
[2026-01-03 12:49:23] Ez=0.170 -> gap=0.000000 eV
[2026-01-03 12:49:24] Ez=0.180 -> gap=0.000000 eV
[2026-01-03 12:49:24] Ez=0.190 -> gap=0.000000 eV
[2026-01-03 12:49:24] Ez=0.200 -> gap=0.000000 eV
[2026-01-03 12:49:24] Ez=0.200 -> gap=0.000000 eV
[2026-01-03 12:49:25] Ez=0.300 -> gap=4.547623 eV
[2026-01-03 12:49:25] Ez=0.400 -> gap=4.439322 eV
[2026-01-03 12:49:25] Ez=0.500 -> gap=3.957352 eV
[2026-01-03 12:49:25] Saved band gaps to ../gpw/bandgaps_KZOOM.csv
[2026-01-03 12:50:11] Saved GIF to ../gpw/bands_KZOOM_vs_field.gif
[2026-01-03 12:52:27] Saved GIF to ../gpw/bands_KZOOM_vs_field.gif
